Archive member included because of file (symbol)

c:/program files (x86)/atollic/truestudio for arm lite 4.0.1/armtools/bin/../lib/gcc/arm-atollic-eabi/4.7.3/../../../../arm-atollic-eabi/lib/armv7e-m/fpu\libc.a(lib_a-init.o)
                              src\startup_stm32f30x.o (__libc_init_array)
c:/program files (x86)/atollic/truestudio for arm lite 4.0.1/armtools/bin/../lib/gcc/arm-atollic-eabi/4.7.3/../../../../arm-atollic-eabi/lib/armv7e-m/fpu\libc.a(lib_a-strlen.o)
                              src\tiny_printf.o (strlen)
c:/program files (x86)/atollic/truestudio for arm lite 4.0.1/armtools/bin/../lib/gcc/arm-atollic-eabi/4.7.3/../../../../arm-atollic-eabi/lib/armv7e-m/fpu\libc.a(lib_a-syscalls.o)
                              src\tiny_printf.o (_write)
c:/program files (x86)/atollic/truestudio for arm lite 4.0.1/armtools/bin/../lib/gcc/arm-atollic-eabi/4.7.3/../../../../arm-atollic-eabi/lib/armv7e-m/fpu\libc.a(lib_a-reent.o)
                              c:/program files (x86)/atollic/truestudio for arm lite 4.0.1/armtools/bin/../lib/gcc/arm-atollic-eabi/4.7.3/../../../../arm-atollic-eabi/lib/armv7e-m/fpu\libc.a(lib_a-syscalls.o) (errno)
c:/program files (x86)/atollic/truestudio for arm lite 4.0.1/armtools/bin/../lib/gcc/arm-atollic-eabi/4.7.3/../../../../arm-atollic-eabi/lib/armv7e-m/fpu\libc.a(lib_a-freer.o)
                              c:/program files (x86)/atollic/truestudio for arm lite 4.0.1/armtools/bin/../lib/gcc/arm-atollic-eabi/4.7.3/../../../../arm-atollic-eabi/lib/armv7e-m/fpu\libc.a(lib_a-reent.o) (_free_r)
c:/program files (x86)/atollic/truestudio for arm lite 4.0.1/armtools/bin/../lib/gcc/arm-atollic-eabi/4.7.3/../../../../arm-atollic-eabi/lib/armv7e-m/fpu\libc.a(lib_a-impure.o)
                              c:/program files (x86)/atollic/truestudio for arm lite 4.0.1/armtools/bin/../lib/gcc/arm-atollic-eabi/4.7.3/../../../../arm-atollic-eabi/lib/armv7e-m/fpu\libc.a(lib_a-reent.o) (_impure_ptr)
c:/program files (x86)/atollic/truestudio for arm lite 4.0.1/armtools/bin/../lib/gcc/arm-atollic-eabi/4.7.3/../../../../arm-atollic-eabi/lib/armv7e-m/fpu\libc.a(lib_a-mallocr.o)
                              c:/program files (x86)/atollic/truestudio for arm lite 4.0.1/armtools/bin/../lib/gcc/arm-atollic-eabi/4.7.3/../../../../arm-atollic-eabi/lib/armv7e-m/fpu\libc.a(lib_a-freer.o) (__malloc_current_mallinfo)
c:/program files (x86)/atollic/truestudio for arm lite 4.0.1/armtools/bin/../lib/gcc/arm-atollic-eabi/4.7.3/../../../../arm-atollic-eabi/lib/armv7e-m/fpu\libc.a(lib_a-mlock.o)
                              c:/program files (x86)/atollic/truestudio for arm lite 4.0.1/armtools/bin/../lib/gcc/arm-atollic-eabi/4.7.3/../../../../arm-atollic-eabi/lib/armv7e-m/fpu\libc.a(lib_a-freer.o) (__malloc_lock)
c:/program files (x86)/atollic/truestudio for arm lite 4.0.1/armtools/bin/../lib/gcc/arm-atollic-eabi/4.7.3/../../../../arm-atollic-eabi/lib/armv7e-m/fpu\libc.a(lib_a-sbrkr.o)
                              c:/program files (x86)/atollic/truestudio for arm lite 4.0.1/armtools/bin/../lib/gcc/arm-atollic-eabi/4.7.3/../../../../arm-atollic-eabi/lib/armv7e-m/fpu\libc.a(lib_a-freer.o) (_sbrk_r)

Allocating common symbols
Common symbol       size              file

SaveRState          0x2               Libraries\STM32_USB-FS-Device_Driver\src\usb_int.o
HSEStartUpStatus    0x1               src\hw_config.o
SaveState           0x2               Libraries\STM32_USB-FS-Device_Driver\src\usb_init.o
errno               0x4               c:/program files (x86)/atollic/truestudio for arm lite 4.0.1/armtools/bin/../lib/gcc/arm-atollic-eabi/4.7.3/../../../../arm-atollic-eabi/lib/armv7e-m/fpu\libc.a(lib_a-reent.o)
ProtocolValue       0x4               src\usb_prop.o
wIstr               0x2               src\usb_istr.o
pProperty           0x4               Libraries\STM32_USB-FS-Device_Driver\src\usb_init.o
EPindex             0x1               Libraries\STM32_USB-FS-Device_Driver\src\usb_init.o
SaveTState          0x2               Libraries\STM32_USB-FS-Device_Driver\src\usb_int.o
Device_Info         0x1c              Libraries\STM32_USB-FS-Device_Driver\src\usb_init.o
pUser_Standard_Requests
                    0x4               Libraries\STM32_USB-FS-Device_Driver\src\usb_init.o
StatusInfo          0x2               Libraries\STM32_USB-FS-Device_Driver\src\usb_core.o
pInformation        0x4               Libraries\STM32_USB-FS-Device_Driver\src\usb_init.o
ResumeS             0x2               src\usb_pwr.o
Mouse_Buffer        0x4               src\main.o
RCC_Clocks          0x3c              src\main.o
EXTI_InitStructure  0x8               src\hw_config.o
wInterrupt_Mask     0x2               Libraries\STM32_USB-FS-Device_Driver\src\usb_init.o

Discarded input sections

 .text          0x00000000        0x0 c:/program files (x86)/atollic/truestudio for arm lite 4.0.1/armtools/bin/../lib/gcc/arm-atollic-eabi/4.7.3/armv7e-m/fpu/crti.o
[...]
Memory Configuration

Name             Origin             Length             Attributes
FLASH            0x08000000         0x00040000         xr
RAM              0x20000000         0x0000a000         xrw
MEMORY_B1        0x60000000         0x00000000         xr
CCMRAM           0x10000000         0x00002000         rw
*default*        0x00000000         0xffffffff

Linker script and memory map

LOAD c:/program files (x86)/atollic/truestudio for arm lite 4.0.1/armtools/bin/../lib/gcc/arm-atollic-eabi/4.7.3/armv7e-m/fpu/crti.o
LOAD c:/program files (x86)/atollic/truestudio for arm lite 4.0.1/armtools/bin/../lib/gcc/arm-atollic-eabi/4.7.3/armv7e-m/fpu/crtbegin.o
LOAD src\usb_pwr.o
LOAD src\usb_prop.o
LOAD src\usb_istr.o
LOAD src\usb_endp.o
LOAD src\usb_desc.o
LOAD src\tiny_printf.o
LOAD src\system_stm32f30x.o
LOAD src\stm32f30x_it.o
LOAD src\startup_stm32f30x.o
LOAD src\main.o
LOAD src\hw_config.o
LOAD Utilities\STM32F3_Discovery\stm32f3_discovery_lsm303dlhc.o
LOAD Utilities\STM32F3_Discovery\stm32f3_discovery_l3gd20.o
LOAD Utilities\STM32F3_Discovery\stm32f3_discovery.o
LOAD Libraries\STM32_USB-FS-Device_Driver\src\usb_sil.o
LOAD Libraries\STM32_USB-FS-Device_Driver\src\usb_regs.o
LOAD Libraries\STM32_USB-FS-Device_Driver\src\usb_mem.o
LOAD Libraries\STM32_USB-FS-Device_Driver\src\usb_int.o
LOAD Libraries\STM32_USB-FS-Device_Driver\src\usb_init.o
LOAD Libraries\STM32_USB-FS-Device_Driver\src\usb_core.o
LOAD Libraries\STM32F30x_StdPeriph_Driver\src\stm32f30x_wwdg.o
LOAD Libraries\STM32F30x_StdPeriph_Driver\src\stm32f30x_usart.o
LOAD Libraries\STM32F30x_StdPeriph_Driver\src\stm32f30x_tim.o
LOAD Libraries\STM32F30x_StdPeriph_Driver\src\stm32f30x_syscfg.o
LOAD Libraries\STM32F30x_StdPeriph_Driver\src\stm32f30x_spi.o
LOAD Libraries\STM32F30x_StdPeriph_Driver\src\stm32f30x_rtc.o
LOAD Libraries\STM32F30x_StdPeriph_Driver\src\stm32f30x_rcc.o
LOAD Libraries\STM32F30x_StdPeriph_Driver\src\stm32f30x_pwr.o
LOAD Libraries\STM32F30x_StdPeriph_Driver\src\stm32f30x_opamp.o
LOAD Libraries\STM32F30x_StdPeriph_Driver\src\stm32f30x_misc.o
LOAD Libraries\STM32F30x_StdPeriph_Driver\src\stm32f30x_iwdg.o
LOAD Libraries\STM32F30x_StdPeriph_Driver\src\stm32f30x_i2c.o
LOAD Libraries\STM32F30x_StdPeriph_Driver\src\stm32f30x_gpio.o
LOAD Libraries\STM32F30x_StdPeriph_Driver\src\stm32f30x_flash.o
LOAD Libraries\STM32F30x_StdPeriph_Driver\src\stm32f30x_exti.o
LOAD Libraries\STM32F30x_StdPeriph_Driver\src\stm32f30x_dma.o
LOAD Libraries\STM32F30x_StdPeriph_Driver\src\stm32f30x_dbgmcu.o
LOAD Libraries\STM32F30x_StdPeriph_Driver\src\stm32f30x_dac.o
LOAD Libraries\STM32F30x_StdPeriph_Driver\src\stm32f30x_crc.o
LOAD Libraries\STM32F30x_StdPeriph_Driver\src\stm32f30x_comp.o
LOAD Libraries\STM32F30x_StdPeriph_Driver\src\stm32f30x_can.o
LOAD Libraries\STM32F30x_StdPeriph_Driver\src\stm32f30x_adc.o
LOAD c:/program files (x86)/atollic/truestudio for arm lite 4.0.1/armtools/bin/../lib/gcc/arm-atollic-eabi/4.7.3/../../../../arm-atollic-eabi/lib/armv7e-m/fpu\libm.a
START GROUP
LOAD c:/program files (x86)/atollic/truestudio for arm lite 4.0.1/armtools/bin/../lib/gcc/arm-atollic-eabi/4.7.3/../../../../arm-atollic-eabi/lib/armv7e-m/fpu\libc.a
LOAD c:/program files (x86)/atollic/truestudio for arm lite 4.0.1/armtools/bin/../lib/gcc/arm-atollic-eabi/4.7.3/../../../../arm-atollic-eabi/lib/armv7e-m/fpu\libm.a
END GROUP
                0x00001000                malloc_getpagesize_P = 0x1000
START GROUP
LOAD c:/program files (x86)/atollic/truestudio for arm lite 4.0.1/armtools/bin/../lib/gcc/arm-atollic-eabi/4.7.3/armv7e-m/fpu\libgcc.a
LOAD c:/program files (x86)/atollic/truestudio for arm lite 4.0.1/armtools/bin/../lib/gcc/arm-atollic-eabi/4.7.3/../../../../arm-atollic-eabi/lib/armv7e-m/fpu\libc.a
END GROUP
LOAD c:/program files (x86)/atollic/truestudio for arm lite 4.0.1/armtools/bin/../lib/gcc/arm-atollic-eabi/4.7.3/armv7e-m/fpu/crtend.o
LOAD c:/program files (x86)/atollic/truestudio for arm lite 4.0.1/armtools/bin/../lib/gcc/arm-atollic-eabi/4.7.3/armv7e-m/fpu/crtn.o
                0x2000a000                _estack = 0x2000a000
                0x00000000                _Min_Heap_Size = 0x0
                0x00000200                _Min_Stack_Size = 0x200

.isr_vector     0x08000000      0x188
                0x08000000                . = ALIGN (0x4)
 *(.isr_vector)
 .isr_vector    0x08000000      0x188 src\startup_stm32f30x.o
                0x08000000                g_pfnVectors
                0x08000188                . = ALIGN (0x4)

.text           0x08000188     0x5120
                0x08000188                . = ALIGN (0x4)
 *(.text)
 .text          0x08000188       0x54 c:/program files (x86)/atollic/truestudio for arm lite 4.0.1/armtools/bin/../lib/gcc/arm-atollic-eabi/4.7.3/armv7e-m/fpu/crtbegin.o
 *(.text*)
 .text.PowerOn  0x080001dc       0x80 src\usb_pwr.o
                0x080001dc                PowerOn
 .text.Suspend  0x0800025c       0x54 src\usb_pwr.o
                0x0800025c                Suspend
 .text.Resume_Init
                0x080002b0       0x40 src\usb_pwr.o
                0x080002b0                Resume_Init
 .text.Resume   0x080002f0      0x188 src\usb_pwr.o
                0x080002f0                Resume
 .text.Joystick_init
                0x08000478       0x30 src\usb_prop.o
                0x08000478                Joystick_init
 .text.Joystick_Reset
                0x080004a8       0xec src\usb_prop.o
                0x080004a8                Joystick_Reset
 .text.Joystick_SetConfiguration
                0x08000594       0x30 src\usb_prop.o
                0x08000594                Joystick_SetConfiguration
 .text.Joystick_SetDeviceAddress
                0x080005c4       0x18 src\usb_prop.o
                0x080005c4                Joystick_SetDeviceAddress
 .text.Joystick_Status_In
                0x080005dc        0xc src\usb_prop.o
                0x080005dc                Joystick_Status_In
 .text.Joystick_Status_Out
                0x080005e8        0xc src\usb_prop.o
                0x080005e8                Joystick_Status_Out
 .text.Joystick_Data_Setup
                0x080005f4       0xdc src\usb_prop.o
                0x080005f4                Joystick_Data_Setup
 .text.Joystick_NoData_Setup
                0x080006d0       0x3c src\usb_prop.o
                0x080006d0                Joystick_NoData_Setup
 .text.Joystick_GetDeviceDescriptor
                0x0800070c       0x28 src\usb_prop.o
                0x0800070c                Joystick_GetDeviceDescriptor
 .text.Joystick_GetConfigDescriptor
                0x08000734       0x28 src\usb_prop.o
                0x08000734                Joystick_GetConfigDescriptor
 .text.Joystick_GetStringDescriptor
                0x0800075c       0x4c src\usb_prop.o
                0x0800075c                Joystick_GetStringDescriptor
 .text.Joystick_GetReportDescriptor
                0x080007a8       0x28 src\usb_prop.o
                0x080007a8                Joystick_GetReportDescriptor
 .text.Joystick_GetHIDDescriptor
                0x080007d0       0x28 src\usb_prop.o
                0x080007d0                Joystick_GetHIDDescriptor
 .text.Joystick_Get_Interface_Setting
                0x080007f8       0x38 src\usb_prop.o
                0x080007f8                Joystick_Get_Interface_Setting
 .text.Joystick_SetProtocol
                0x08000830       0x30 src\usb_prop.o
                0x08000830                Joystick_SetProtocol
 .text.Joystick_GetProtocolValue
                0x08000860       0x3c src\usb_prop.o
                0x08000860                Joystick_GetProtocolValue
 .text.USB_Istr
                0x0800089c      0x1ac src\usb_istr.o
                0x0800089c                USB_Istr
 .text.EP1_IN_Callback
                0x08000a48       0x18 src\usb_endp.o
                0x08000a48                EP1_IN_Callback
 .text.SystemInit
                0x08000a60       0xfc src\system_stm32f30x.o
                0x08000a60                SystemInit
 .text.SetSysClock
                0x08000b5c      0x170 src\system_stm32f30x.o
 .text.NMI_Handler
                0x08000ccc        0xc src\stm32f30x_it.o
                0x08000ccc                NMI_Handler
 .text.HardFault_Handler
                0x08000cd8        0x8 src\stm32f30x_it.o
                0x08000cd8                HardFault_Handler
 .text.MemManage_Handler
                0x08000ce0        0x8 src\stm32f30x_it.o
                0x08000ce0                MemManage_Handler
 .text.BusFault_Handler
                0x08000ce8        0x8 src\stm32f30x_it.o
                0x08000ce8                BusFault_Handler
 .text.UsageFault_Handler
                0x08000cf0        0x8 src\stm32f30x_it.o
                0x08000cf0                UsageFault_Handler
 .text.SVC_Handler
                0x08000cf8        0xc src\stm32f30x_it.o
                0x08000cf8                SVC_Handler
 .text.DebugMon_Handler
                0x08000d04        0xc src\stm32f30x_it.o
                0x08000d04                DebugMon_Handler
 .text.PendSV_Handler
                0x08000d10        0xc src\stm32f30x_it.o
                0x08000d10                PendSV_Handler
 .text.SysTick_Handler
                0x08000d1c       0x28 src\stm32f30x_it.o
                0x08000d1c                SysTick_Handler
 .text.USB_LP_CAN1_RX0_IRQHandler
                0x08000d44        0xc src\stm32f30x_it.o
                0x08000d44                USB_LP_CAN1_RX0_IRQHandler
 .text.USBWakeUp_IRQHandler
                0x08000d50       0x18 src\stm32f30x_it.o
                0x08000d50                USBWakeUp_IRQHandler
 .text.Reset_Handler
                0x08000d68       0x54 src\startup_stm32f30x.o
                0x08000d68                Reset_Handler
 .text.Default_Handler
                0x08000dbc        0x4 src\startup_stm32f30x.o
                0x08000dbc                RTC_Alarm_IRQHandler
                0x08000dbc                TIM8_TRG_COM_IRQHandler
                0x08000dbc                TIM8_CC_IRQHandler
                0x08000dbc                TIM1_CC_IRQHandler
                0x08000dbc                USB_HP_IRQHandler
                0x08000dbc                PVD_IRQHandler
                0x08000dbc                EXTI3_IRQHandler
                0x08000dbc                EXTI0_IRQHandler
                0x08000dbc                I2C2_EV_IRQHandler
                0x08000dbc                FPU_IRQHandler
                0x08000dbc                EXTI2_TS_IRQHandler
                0x08000dbc                TIM1_UP_TIM16_IRQHandler
                0x08000dbc                ADC1_2_IRQHandler
                0x08000dbc                SPI1_IRQHandler
                0x08000dbc                TIM6_DAC_IRQHandler
                0x08000dbc                TIM8_UP_IRQHandler
                0x08000dbc                DMA2_Channel2_IRQHandler
                0x08000dbc                DMA1_Channel4_IRQHandler
                0x08000dbc                USART3_IRQHandler
                0x08000dbc                DMA1_Channel7_IRQHandler
                0x08000dbc                CAN1_RX1_IRQHandler
                0x08000dbc                UART5_IRQHandler
                0x08000dbc                ADC3_IRQHandler
                0x08000dbc                TIM4_IRQHandler
                0x08000dbc                DMA2_Channel1_IRQHandler
                0x08000dbc                I2C1_EV_IRQHandler
                0x08000dbc                DMA1_Channel6_IRQHandler
                0x08000dbc                UART4_IRQHandler
                0x08000dbc                DMA2_Channel4_IRQHandler
                0x08000dbc                TIM3_IRQHandler
                0x08000dbc                RCC_IRQHandler
                0x08000dbc                DMA1_Channel1_IRQHandler
                0x08000dbc                Default_Handler
                0x08000dbc                USBWakeUp_RMP_IRQHandler
                0x08000dbc                EXTI15_10_IRQHandler
                0x08000dbc                TIM7_IRQHandler
                0x08000dbc                EXTI9_5_IRQHandler
                0x08000dbc                TAMPER_STAMP_IRQHandler
                0x08000dbc                RTC_WKUP_IRQHandler
                0x08000dbc                SPI2_IRQHandler
                0x08000dbc                DMA2_Channel5_IRQHandler
                0x08000dbc                DMA1_Channel5_IRQHandler
                0x08000dbc                USB_LP_IRQHandler
                0x08000dbc                EXTI4_IRQHandler
                0x08000dbc                TIM1_TRG_COM_TIM17_IRQHandler
                0x08000dbc                USB_HP_CAN1_TX_IRQHandler
                0x08000dbc                DMA1_Channel3_IRQHandler
                0x08000dbc                ADC4_IRQHandler
                0x08000dbc                WWDG_IRQHandler
                0x08000dbc                TIM2_IRQHandler
                0x08000dbc                COMP7_IRQHandler
                0x08000dbc                COMP1_2_3_IRQHandler
                0x08000dbc                EXTI1_IRQHandler
                0x08000dbc                USART2_IRQHandler
                0x08000dbc                COMP4_5_6_IRQHandler
                0x08000dbc                I2C2_ER_IRQHandler
                0x08000dbc                DMA1_Channel2_IRQHandler
                0x08000dbc                TIM8_BRK_IRQHandler
                0x08000dbc                CAN1_SCE_IRQHandler
                0x08000dbc                FLASH_IRQHandler
                0x08000dbc                USART1_IRQHandler
                0x08000dbc                SPI3_IRQHandler
                0x08000dbc                I2C1_ER_IRQHandler
                0x08000dbc                DMA2_Channel3_IRQHandler
                0x08000dbc                TIM1_BRK_TIM15_IRQHandler
 .text.NVIC_SetPriority
                0x08000dc0       0x5c src\main.o
 .text.SysTick_Config
                0x08000e1c       0x64 src\main.o
 .text.main     0x08000e80      0x1d0 src\main.o
                0x08000e80                main
 .text.USB_Config
                0x08001050       0x28 src\main.o
                0x08001050                USB_Config
 .text.USBD_HID_GetPos
                0x08001078      0x154 src\main.o
 .text.Acc_Config
                0x080011cc       0x64 src\main.o
                0x080011cc                Acc_Config
 .text.Acc_ReadData
                0x08001230      0x1e0 src\main.o
                0x08001230                Acc_ReadData
 .text.LSM303DLHC_TIMEOUT_UserCallback
                0x08001410        0x8 src\main.o
                0x08001410                LSM303DLHC_TIMEOUT_UserCallback
 .text.Set_System
                0x08001418       0xdc src\hw_config.o
                0x08001418                Set_System
 .text.Set_USBClock
                0x080014f4       0x1c src\hw_config.o
                0x080014f4                Set_USBClock
 .text.Enter_LowPowerMode
                0x08001510       0x1c src\hw_config.o
                0x08001510                Enter_LowPowerMode
 .text.Leave_LowPowerMode
                0x0800152c       0x94 src\hw_config.o
                0x0800152c                Leave_LowPowerMode
 .text.USB_Interrupts_Config
                0x080015c0       0x6c src\hw_config.o
                0x080015c0                USB_Interrupts_Config
 .text.USB_Cable_Config
                0x0800162c       0x3c src\hw_config.o
                0x0800162c                USB_Cable_Config
 .text.Get_SerialNum
                0x08001668       0x60 src\hw_config.o
                0x08001668                Get_SerialNum
 .text.IntToUnicode
                0x080016c8       0x94 src\hw_config.o
 .text.LSM303DLHC_AccInit
                0x0800175c       0x84 Utilities\STM32F3_Discovery\stm32f3_discovery_lsm303dlhc.o
                0x0800175c                LSM303DLHC_AccInit
 .text.LSM303DLHC_AccFilterConfig
                0x080017e0       0x68 Utilities\STM32F3_Discovery\stm32f3_discovery_lsm303dlhc.o
                0x080017e0                LSM303DLHC_AccFilterConfig
 .text.LSM303DLHC_Write
                0x08001848      0x240 Utilities\STM32F3_Discovery\stm32f3_discovery_lsm303dlhc.o
                0x08001848                LSM303DLHC_Write
 .text.LSM303DLHC_Read
                0x08001a88      0x26c Utilities\STM32F3_Discovery\stm32f3_discovery_lsm303dlhc.o
                0x08001a88                LSM303DLHC_Read
 .text.LSM303DLHC_LowLevel_Init
                0x08001cf4      0x1d0 Utilities\STM32F3_Discovery\stm32f3_discovery_lsm303dlhc.o
 .text.STM_EVAL_LEDInit
                0x08001ec4       0x6c Utilities\STM32F3_Discovery\stm32f3_discovery.o
                0x08001ec4                STM_EVAL_LEDInit
 .text.STM_EVAL_LEDOn
                0x08001f30       0x34 Utilities\STM32F3_Discovery\stm32f3_discovery.o
                0x08001f30                STM_EVAL_LEDOn
 .text.STM_EVAL_LEDOff
                0x08001f64       0x34 Utilities\STM32F3_Discovery\stm32f3_discovery.o
                0x08001f64                STM_EVAL_LEDOff
 .text.STM_EVAL_PBInit
                0x08001f98       0xec Utilities\STM32F3_Discovery\stm32f3_discovery.o
                0x08001f98                STM_EVAL_PBInit
 .text.STM_EVAL_PBGetState
                0x08002084       0x3c Utilities\STM32F3_Discovery\stm32f3_discovery.o
                0x08002084                STM_EVAL_PBGetState
 .text.USB_SIL_Init
                0x080020c0       0x40 Libraries\STM32_USB-FS-Device_Driver\src\usb_sil.o
                0x080020c0                USB_SIL_Init
 .text.USB_SIL_Write
                0x08002100       0x50 Libraries\STM32_USB-FS-Device_Driver\src\usb_sil.o
                0x08002100                USB_SIL_Write
 .text.SetBTABLE
                0x08002150       0x28 Libraries\STM32_USB-FS-Device_Driver\src\usb_regs.o
                0x08002150                SetBTABLE
 .text.SetEPType
                0x08002178       0x4c Libraries\STM32_USB-FS-Device_Driver\src\usb_regs.o
                0x08002178                SetEPType
 .text.SetEPTxStatus
                0x080021c4       0x74 Libraries\STM32_USB-FS-Device_Driver\src\usb_regs.o
                0x080021c4                SetEPTxStatus
 .text.SetEPRxStatus
                0x08002238       0x74 Libraries\STM32_USB-FS-Device_Driver\src\usb_regs.o
                0x08002238                SetEPRxStatus
 .text.SetEPTxValid
                0x080022ac       0x58 Libraries\STM32_USB-FS-Device_Driver\src\usb_regs.o
                0x080022ac                SetEPTxValid
 .text.SetEPRxValid
                0x08002304       0x58 Libraries\STM32_USB-FS-Device_Driver\src\usb_regs.o
                0x08002304                SetEPRxValid
 .text.Clear_Status_Out
                0x0800235c       0x58 Libraries\STM32_USB-FS-Device_Driver\src\usb_regs.o
                0x0800235c                Clear_Status_Out
 .text.ClearDTOG_RX
                0x080023b4       0x60 Libraries\STM32_USB-FS-Device_Driver\src\usb_regs.o
                0x080023b4                ClearDTOG_RX
 .text.ClearDTOG_TX
                0x08002414       0x60 Libraries\STM32_USB-FS-Device_Driver\src\usb_regs.o
                0x08002414                ClearDTOG_TX
 .text.SetEPTxAddr
                0x08002474       0x48 Libraries\STM32_USB-FS-Device_Driver\src\usb_regs.o
                0x08002474                SetEPTxAddr
 .text.SetEPRxAddr
                0x080024bc       0x4c Libraries\STM32_USB-FS-Device_Driver\src\usb_regs.o
                0x080024bc                SetEPRxAddr
 .text.GetEPTxAddr
                0x08002508       0x3c Libraries\STM32_USB-FS-Device_Driver\src\usb_regs.o
                0x08002508                GetEPTxAddr
 .text.GetEPRxAddr
                0x08002544       0x40 Libraries\STM32_USB-FS-Device_Driver\src\usb_regs.o
                0x08002544                GetEPRxAddr
 .text.SetEPTxCount
                0x08002584       0x40 Libraries\STM32_USB-FS-Device_Driver\src\usb_regs.o
                0x08002584                SetEPTxCount
 .text.SetEPRxCount
                0x080025c4       0x98 Libraries\STM32_USB-FS-Device_Driver\src\usb_regs.o
                0x080025c4                SetEPRxCount
 .text.ByteSwap
                0x0800265c       0x34 Libraries\STM32_USB-FS-Device_Driver\src\usb_regs.o
                0x0800265c                ByteSwap
 .text.UserToPMABufferCopy
                0x08002690       0x88 Libraries\STM32_USB-FS-Device_Driver\src\usb_mem.o
                0x08002690                UserToPMABufferCopy
 .text.PMAToUserBufferCopy
                0x08002718       0x6c Libraries\STM32_USB-FS-Device_Driver\src\usb_mem.o
                0x08002718                PMAToUserBufferCopy
 .text.CTR_LP   0x08002784      0x428 Libraries\STM32_USB-FS-Device_Driver\src\usb_int.o
                0x08002784                CTR_LP
 .text.USB_Init
                0x08002bac       0x5c Libraries\STM32_USB-FS-Device_Driver\src\usb_init.o
                0x08002bac                USB_Init
 .text.Standard_GetConfiguration
                0x08002c08       0x4c Libraries\STM32_USB-FS-Device_Driver\src\usb_core.o
                0x08002c08                Standard_GetConfiguration
 .text.Standard_SetConfiguration
                0x08002c54       0x74 Libraries\STM32_USB-FS-Device_Driver\src\usb_core.o
                0x08002c54                Standard_SetConfiguration
 .text.Standard_GetInterface
                0x08002cc8       0x4c Libraries\STM32_USB-FS-Device_Driver\src\usb_core.o
                0x08002cc8                Standard_GetInterface
 .text.Standard_SetInterface
                0x08002d14       0xc8 Libraries\STM32_USB-FS-Device_Driver\src\usb_core.o
                0x08002d14                Standard_SetInterface
 .text.Standard_GetStatus
                0x08002ddc      0x1bc Libraries\STM32_USB-FS-Device_Driver\src\usb_core.o
                0x08002ddc                Standard_GetStatus
 .text.Standard_ClearFeature
                0x08002f98      0x230 Libraries\STM32_USB-FS-Device_Driver\src\usb_core.o
                0x08002f98                Standard_ClearFeature
 .text.Standard_SetEndPointFeature
                0x080031c8      0x148 Libraries\STM32_USB-FS-Device_Driver\src\usb_core.o
                0x080031c8                Standard_SetEndPointFeature
 .text.Standard_SetDeviceFeature
                0x08003310       0x38 Libraries\STM32_USB-FS-Device_Driver\src\usb_core.o
                0x08003310                Standard_SetDeviceFeature
 .text.Standard_GetDescriptorData
                0x08003348       0x54 Libraries\STM32_USB-FS-Device_Driver\src\usb_core.o
                0x08003348                Standard_GetDescriptorData
 .text.DataStageOut
                0x0800339c      0x13c Libraries\STM32_USB-FS-Device_Driver\src\usb_core.o
 .text.DataStageIn
                0x080034d8      0x150 Libraries\STM32_USB-FS-Device_Driver\src\usb_core.o
 .text.NoData_Setup0
                0x08003628      0x208 Libraries\STM32_USB-FS-Device_Driver\src\usb_core.o
 .text.Data_Setup0
                0x08003830      0x488 Libraries\STM32_USB-FS-Device_Driver\src\usb_core.o
 .text.Setup0_Process
                0x08003cb8      0x120 Libraries\STM32_USB-FS-Device_Driver\src\usb_core.o
                0x08003cb8                Setup0_Process
 .text.In0_Process
                0x08003dd8       0xbc Libraries\STM32_USB-FS-Device_Driver\src\usb_core.o
                0x08003dd8                In0_Process
 .text.Out0_Process
                0x08003e94       0x8c Libraries\STM32_USB-FS-Device_Driver\src\usb_core.o
                0x08003e94                Out0_Process
 .text.Post0_Process
                0x08003f20       0x60 Libraries\STM32_USB-FS-Device_Driver\src\usb_core.o
                0x08003f20                Post0_Process
 .text.SetDeviceAddress
                0x08003f80       0x88 Libraries\STM32_USB-FS-Device_Driver\src\usb_core.o
                0x08003f80                SetDeviceAddress
 .text.NOP_Process
                0x08004008        0xc Libraries\STM32_USB-FS-Device_Driver\src\usb_core.o
                0x08004008                NOP_Process
 .text.SYSCFG_EXTILineConfig
                0x08004014       0xb0 Libraries\STM32F30x_StdPeriph_Driver\src\stm32f30x_syscfg.o
                0x08004014                SYSCFG_EXTILineConfig
 .text.RCC_HSEConfig
                0x080040c4       0x30 Libraries\STM32F30x_StdPeriph_Driver\src\stm32f30x_rcc.o
                0x080040c4                RCC_HSEConfig
 .text.RCC_WaitForHSEStartUp
                0x080040f4       0x64 Libraries\STM32F30x_StdPeriph_Driver\src\stm32f30x_rcc.o
                0x080040f4                RCC_WaitForHSEStartUp
 .text.RCC_PLLCmd
                0x08004158       0x20 Libraries\STM32F30x_StdPeriph_Driver\src\stm32f30x_rcc.o
                0x08004158                RCC_PLLCmd
 .text.RCC_SYSCLKConfig
                0x08004178       0x40 Libraries\STM32F30x_StdPeriph_Driver\src\stm32f30x_rcc.o
                0x08004178                RCC_SYSCLKConfig
 .text.RCC_GetSYSCLKSource
                0x080041b8       0x20 Libraries\STM32F30x_StdPeriph_Driver\src\stm32f30x_rcc.o
                0x080041b8                RCC_GetSYSCLKSource
 .text.RCC_GetClocksFreq
                0x080041d8      0x550 Libraries\STM32F30x_StdPeriph_Driver\src\stm32f30x_rcc.o
                0x080041d8                RCC_GetClocksFreq
 .text.RCC_USBCLKConfig
                0x08004728       0x20 Libraries\STM32F30x_StdPeriph_Driver\src\stm32f30x_rcc.o
                0x08004728                RCC_USBCLKConfig
 .text.RCC_AHBPeriphClockCmd
                0x08004748       0x54 Libraries\STM32F30x_StdPeriph_Driver\src\stm32f30x_rcc.o
                0x08004748                RCC_AHBPeriphClockCmd
 .text.RCC_APB2PeriphClockCmd
                0x0800479c       0x54 Libraries\STM32F30x_StdPeriph_Driver\src\stm32f30x_rcc.o
                0x0800479c                RCC_APB2PeriphClockCmd
 .text.RCC_APB1PeriphClockCmd
                0x080047f0       0x54 Libraries\STM32F30x_StdPeriph_Driver\src\stm32f30x_rcc.o
                0x080047f0                RCC_APB1PeriphClockCmd
 .text.RCC_GetFlagStatus
                0x08004844       0xa4 Libraries\STM32F30x_StdPeriph_Driver\src\stm32f30x_rcc.o
                0x08004844                RCC_GetFlagStatus
 .text.NVIC_PriorityGroupConfig
                0x080048e8       0x28 Libraries\STM32F30x_StdPeriph_Driver\src\stm32f30x_misc.o
                0x080048e8                NVIC_PriorityGroupConfig
 .text.NVIC_Init
                0x08004910       0xe8 Libraries\STM32F30x_StdPeriph_Driver\src\stm32f30x_misc.o
                0x08004910                NVIC_Init
 .text.I2C_Init
                0x080049f8       0xd0 Libraries\STM32F30x_StdPeriph_Driver\src\stm32f30x_i2c.o
                0x080049f8                I2C_Init
 .text.I2C_Cmd  0x08004ac8       0x38 Libraries\STM32F30x_StdPeriph_Driver\src\stm32f30x_i2c.o
                0x08004ac8                I2C_Cmd
 .text.I2C_TransferHandling
                0x08004b00       0x60 Libraries\STM32F30x_StdPeriph_Driver\src\stm32f30x_i2c.o
                0x08004b00                I2C_TransferHandling
 .text.I2C_SendData
                0x08004b60       0x1c Libraries\STM32F30x_StdPeriph_Driver\src\stm32f30x_i2c.o
                0x08004b60                I2C_SendData
 .text.I2C_ReceiveData
                0x08004b7c       0x1c Libraries\STM32F30x_StdPeriph_Driver\src\stm32f30x_i2c.o
                0x08004b7c                I2C_ReceiveData
 .text.I2C_GetFlagStatus
                0x08004b98       0x48 Libraries\STM32F30x_StdPeriph_Driver\src\stm32f30x_i2c.o
                0x08004b98                I2C_GetFlagStatus
 .text.I2C_ClearFlag
                0x08004be0       0x1c Libraries\STM32F30x_StdPeriph_Driver\src\stm32f30x_i2c.o
                0x08004be0                I2C_ClearFlag
 .text.GPIO_Init
                0x08004bfc      0x150 Libraries\STM32F30x_StdPeriph_Driver\src\stm32f30x_gpio.o
                0x08004bfc                GPIO_Init
 .text.GPIO_ReadInputDataBit
                0x08004d4c       0x40 Libraries\STM32F30x_StdPeriph_Driver\src\stm32f30x_gpio.o
                0x08004d4c                GPIO_ReadInputDataBit
 .text.GPIO_SetBits
                0x08004d8c       0x1c Libraries\STM32F30x_StdPeriph_Driver\src\stm32f30x_gpio.o
                0x08004d8c                GPIO_SetBits
 .text.GPIO_ResetBits
                0x08004da8       0x1c Libraries\STM32F30x_StdPeriph_Driver\src\stm32f30x_gpio.o
                0x08004da8                GPIO_ResetBits
 .text.GPIO_PinAFConfig
                0x08004dc4       0xa8 Libraries\STM32F30x_StdPeriph_Driver\src\stm32f30x_gpio.o
                0x08004dc4                GPIO_PinAFConfig
 .text.EXTI_Init
                0x08004e6c      0x288 Libraries\STM32F30x_StdPeriph_Driver\src\stm32f30x_exti.o
                0x08004e6c                EXTI_Init
 .text.EXTI_ClearITPendingBit
                0x080050f4       0x38 Libraries\STM32F30x_StdPeriph_Driver\src\stm32f30x_exti.o
                0x080050f4                EXTI_ClearITPendingBit
 .text.__libc_init_array
                0x0800512c       0x4c c:/program files (x86)/atollic/truestudio for arm lite 4.0.1/armtools/bin/../lib/gcc/arm-atollic-eabi/4.7.3/../../../../arm-atollic-eabi/lib/armv7e-m/fpu\libc.a(lib_a-init.o)
                0x0800512c                __libc_init_array
 *(.rodata)
 *(.rodata*)
 .rodata.Joystick_DeviceDescriptor
                0x08005178       0x14 src\usb_desc.o
                0x08005178                Joystick_DeviceDescriptor
 .rodata.Joystick_ConfigDescriptor
                0x0800518c       0x24 src\usb_desc.o
                0x0800518c                Joystick_ConfigDescriptor
 .rodata.Joystick_ReportDescriptor
                0x080051b0       0x4c src\usb_desc.o
                0x080051b0                Joystick_ReportDescriptor
 .rodata.Joystick_StringLangID
                0x080051fc        0x4 src\usb_desc.o
                0x080051fc                Joystick_StringLangID
 .rodata.Joystick_StringVendor
                0x08005200       0x28 src\usb_desc.o
                0x08005200                Joystick_StringVendor
 .rodata.Joystick_StringProduct
                0x08005228       0x20 src\usb_desc.o
                0x08005228                Joystick_StringProduct
 .rodata.GPIO_PIN
                0x08005248       0x10 Utilities\STM32F3_Discovery\stm32f3_discovery.o
                0x08005248                GPIO_PIN
 .rodata.GPIO_CLK
                0x08005258       0x20 Utilities\STM32F3_Discovery\stm32f3_discovery.o
                0x08005258                GPIO_CLK
 .rodata.BUTTON_PIN
                0x08005278        0x4 Utilities\STM32F3_Discovery\stm32f3_discovery.o
                0x08005278                BUTTON_PIN
 .rodata.BUTTON_CLK
                0x0800527c        0x4 Utilities\STM32F3_Discovery\stm32f3_discovery.o
                0x0800527c                BUTTON_CLK
 .rodata.BUTTON_EXTI_LINE
                0x08005280        0x4 Utilities\STM32F3_Discovery\stm32f3_discovery.o
                0x08005280                BUTTON_EXTI_LINE
 .rodata.BUTTON_PORT_SOURCE
                0x08005284        0x4 Utilities\STM32F3_Discovery\stm32f3_discovery.o
                0x08005284                BUTTON_PORT_SOURCE
 .rodata.BUTTON_PIN_SOURCE
                0x08005288        0x4 Utilities\STM32F3_Discovery\stm32f3_discovery.o
                0x08005288                BUTTON_PIN_SOURCE
 .rodata.BUTTON_IRQn
                0x0800528c        0x4 Utilities\STM32F3_Discovery\stm32f3_discovery.o
                0x0800528c                BUTTON_IRQn
 *(.glue_7)
 .glue_7        0x00000000        0x0 linker stubs
 *(.glue_7t)
 .glue_7t       0x00000000        0x0 linker stubs
 *(.eh_frame)
 .eh_frame      0x08005290        0x0 c:/program files (x86)/atollic/truestudio for arm lite 4.0.1/armtools/bin/../lib/gcc/arm-atollic-eabi/4.7.3/armv7e-m/fpu/crtbegin.o
 *(.init)
 .init          0x08005290        0x4 c:/program files (x86)/atollic/truestudio for arm lite 4.0.1/armtools/bin/../lib/gcc/arm-atollic-eabi/4.7.3/armv7e-m/fpu/crti.o
                0x08005290                _init
 .init          0x08005294        0x8 c:/program files (x86)/atollic/truestudio for arm lite 4.0.1/armtools/bin/../lib/gcc/arm-atollic-eabi/4.7.3/armv7e-m/fpu/crtn.o
 *(.fini)
 .fini          0x0800529c        0x4 c:/program files (x86)/atollic/truestudio for arm lite 4.0.1/armtools/bin/../lib/gcc/arm-atollic-eabi/4.7.3/armv7e-m/fpu/crti.o
                0x0800529c                _fini
 .fini          0x080052a0        0x8 c:/program files (x86)/atollic/truestudio for arm lite 4.0.1/armtools/bin/../lib/gcc/arm-atollic-eabi/4.7.3/armv7e-m/fpu/crtn.o
                0x080052a8                . = ALIGN (0x4)
                0x080052a8                _etext = .

.vfp11_veneer   0x080052a8        0x0
 .vfp11_veneer  0x00000000        0x0 linker stubs

.v4_bx          0x080052a8        0x0
 .v4_bx         0x00000000        0x0 linker stubs

.iplt           0x080052a8        0x0
 .iplt          0x00000000        0x0 c:/program files (x86)/atollic/truestudio for arm lite 4.0.1/armtools/bin/../lib/gcc/arm-atollic-eabi/4.7.3/armv7e-m/fpu/crtbegin.o

.rel.dyn        0x080052a8        0x0
 .rel.iplt      0x00000000        0x0 c:/program files (x86)/atollic/truestudio for arm lite 4.0.1/armtools/bin/../lib/gcc/arm-atollic-eabi/4.7.3/armv7e-m/fpu/crtbegin.o

.ARM.extab
 *(.ARM.extab* .gnu.linkonce.armextab.*)

.ARM            0x080052a8        0x0
                0x080052a8                __exidx_start = .
 *(.ARM.exidx*)
                0x080052a8                __exidx_end = .

.preinit_array  0x080052a8        0x0
                0x080052a8                PROVIDE (__preinit_array_start, .)
 *(.preinit_array*)
                0x080052a8                PROVIDE (__preinit_array_end, .)

.init_array     0x080052a8        0x4
                0x080052a8                PROVIDE (__init_array_start, .)
 *(SORT(.init_array.*))
 *(.init_array*)
 .init_array    0x080052a8        0x4 c:/program files (x86)/atollic/truestudio for arm lite 4.0.1/armtools/bin/../lib/gcc/arm-atollic-eabi/4.7.3/armv7e-m/fpu/crtbegin.o
                0x080052ac                PROVIDE (__init_array_end, .)

.fini_array     0x080052ac        0x4
                0x080052ac                PROVIDE (__fini_array_start, .)
 *(SORT(.fini_array.*))
 *(.fini_array*)
 .fini_array    0x080052ac        0x4 c:/program files (x86)/atollic/truestudio for arm lite 4.0.1/armtools/bin/../lib/gcc/arm-atollic-eabi/4.7.3/armv7e-m/fpu/crtbegin.o
                0x080052b0                PROVIDE (__fini_array_end, .)
                0x080052b0                _sidata = LOADADDR (.data)

.data           0x20000000      0x148 load address 0x080052b0
                0x20000000                . = ALIGN (0x4)
                0x20000000                _sdata = .
 *(.data)
 *(.data*)
 .data.fSuspendEnabled
                0x20000000        0x1 src\usb_pwr.o
                0x20000000                fSuspendEnabled
 *fill*         0x20000001        0x3 00
 .data.Device_Table
                0x20000004        0x4 src\usb_prop.o
                0x20000004                Device_Table
 .data.Device_Property
                0x20000008       0x30 src\usb_prop.o
                0x20000008                Device_Property
 .data.User_Standard_Requests
                0x20000038       0x24 src\usb_prop.o
                0x20000038                User_Standard_Requests
 .data.Device_Descriptor
                0x2000005c        0x8 src\usb_prop.o
                0x2000005c                Device_Descriptor
 .data.Config_Descriptor
                0x20000064        0x8 src\usb_prop.o
                0x20000064                Config_Descriptor
 .data.Joystick_Report_Descriptor
                0x2000006c        0x8 src\usb_prop.o
                0x2000006c                Joystick_Report_Descriptor
 .data.Mouse_Hid_Descriptor
                0x20000074        0x8 src\usb_prop.o
                0x20000074                Mouse_Hid_Descriptor
 .data.String_Descriptor
                0x2000007c       0x20 src\usb_prop.o
                0x2000007c                String_Descriptor
 .data.pEpInt_IN
                0x2000009c       0x1c src\usb_istr.o
                0x2000009c                pEpInt_IN
 .data.pEpInt_OUT
                0x200000b8       0x1c src\usb_istr.o
                0x200000b8                pEpInt_OUT
 .data.Joystick_StringSerial
                0x200000d4       0x1c src\usb_desc.o
                0x200000d4                Joystick_StringSerial
 .data.PrevXferComplete
                0x200000f0        0x1 src\main.o
                0x200000f0                PrevXferComplete
 *fill*         0x200000f1        0x3 00
 .data.LSM303DLHC_Timeout
                0x200000f4        0x4 Utilities\STM32F3_Discovery\stm32f3_discovery_lsm303dlhc.o
                0x200000f4                LSM303DLHC_Timeout
 .data.GPIO_PORT
                0x200000f8       0x20 Utilities\STM32F3_Discovery\stm32f3_discovery.o
                0x200000f8                GPIO_PORT
 .data.BUTTON_PORT
                0x20000118        0x4 Utilities\STM32F3_Discovery\stm32f3_discovery.o
                0x20000118                BUTTON_PORT
 .data.APBAHBPrescTable
                0x2000011c       0x10 Libraries\STM32F30x_StdPeriph_Driver\src\stm32f30x_rcc.o
 .data.ADCPrescTable
                0x2000012c       0x1c Libraries\STM32F30x_StdPeriph_Driver\src\stm32f30x_rcc.o
                0x20000148                . = ALIGN (0x4)
                0x20000148                _edata = .
                0x080053f8                _siccmram = LOADADDR (.ccmram)

.jcr            0x20000148        0x0 load address 0x080053f8
 .jcr           0x20000148        0x0 c:/program files (x86)/atollic/truestudio for arm lite 4.0.1/armtools/bin/../lib/gcc/arm-atollic-eabi/4.7.3/armv7e-m/fpu/crtbegin.o

.igot.plt       0x20000148        0x0 load address 0x080053f8
 .igot.plt      0x00000000        0x0 c:/program files (x86)/atollic/truestudio for arm lite 4.0.1/armtools/bin/../lib/gcc/arm-atollic-eabi/4.7.3/armv7e-m/fpu/crtbegin.o

.ccmram         0x10000000        0x0 load address 0x080053f8
                0x10000000                . = ALIGN (0x4)
                0x10000000                _sccmram = .
 *(.ccmram)
 *(.ccmram*)
                0x10000000                . = ALIGN (0x4)
                0x10000000                _eccmram = .
                0x10000000                . = ALIGN (0x4)

.bss            0x20000148       0xd4
                0x20000148                _sbss = .
                0x20000148                __bss_start__ = _sbss
 *(.bss)
 .bss           0x20000148       0x1c c:/program files (x86)/atollic/truestudio for arm lite 4.0.1/armtools/bin/../lib/gcc/arm-atollic-eabi/4.7.3/armv7e-m/fpu/crtbegin.o
 *(.bss*)
 .bss.bDeviceState
                0x20000164        0x4 src\usb_pwr.o
                0x20000164                bDeviceState
 .bss.bIntPackSOF
                0x20000168        0x1 src\usb_istr.o
                0x20000168                bIntPackSOF
 *fill*         0x20000169        0x3 00
 .bss.AccBuffer
                0x2000016c        0xc src\main.o
                0x2000016c                AccBuffer
 .bss.DataReady
                0x20000178        0x1 src\main.o
                0x20000178                DataReady
 *fill*         0x20000179        0x3 00
 .bss.mouseZeroPacketOutputted
                0x2000017c        0x4 src\main.o
                0x2000017c                mouseZeroPacketOutputted
 .bss.HID_Buffer.9069
                0x20000180        0x4 src\main.o
 .bss.Data_Mul_MaxPacketSize
                0x20000184        0x1 Libraries\STM32_USB-FS-Device_Driver\src\usb_core.o
                0x20000184                Data_Mul_MaxPacketSize
 *(COMMON)
 *fill*         0x20000185        0x3 00
 COMMON         0x20000188        0x2 src\usb_pwr.o
                0x20000188                ResumeS
 *fill*         0x2000018a        0x2 00
 COMMON         0x2000018c        0x4 src\usb_prop.o
                0x2000018c                ProtocolValue
 COMMON         0x20000190        0x2 src\usb_istr.o
                0x20000190                wIstr
 *fill*         0x20000192        0x2 00
 COMMON         0x20000194       0x40 src\main.o
                0x20000194                Mouse_Buffer
                0x20000198                RCC_Clocks
 COMMON         0x200001d4        0xc src\hw_config.o
                0x200001d4                HSEStartUpStatus
                0x200001d8                EXTI_InitStructure
 COMMON         0x200001e0        0x4 Libraries\STM32_USB-FS-Device_Driver\src\usb_int.o
                0x200001e0                SaveRState
                0x200001e2                SaveTState
 COMMON         0x200001e4       0x32 Libraries\STM32_USB-FS-Device_Driver\src\usb_init.o
                0x200001e4                SaveState
                0x200001e8                pProperty
                0x200001ec                EPindex
                0x200001f0                Device_Info
                0x2000020c                pUser_Standard_Requests
                0x20000210                pInformation
                0x20000214                wInterrupt_Mask
 *fill*         0x20000216        0x2 00
 COMMON         0x20000218        0x2 Libraries\STM32_USB-FS-Device_Driver\src\usb_core.o
                0x20000218                StatusInfo
                0x2000021c                . = ALIGN (0x4)
 *fill*         0x2000021a        0x2 00
                0x2000021c                _ebss = .
                0x2000021c                __bss_end__ = _ebss

._user_heap_stack
                0x2000021c      0x200
                0x2000021c                . = ALIGN (0x4)
                0x2000021c                PROVIDE (end, .)
                0x2000021c                PROVIDE (_end, .)
                0x2000021c                . = (. + _Min_Heap_Size)
                0x2000041c                . = (. + _Min_Stack_Size)
 *fill*         0x2000021c      0x200 00
                0x2000041c                . = ALIGN (0x4)

.memory_b1_text
 *(.mb1text)
 *(.mb1text*)
 *(.mb1rodata)
 *(.mb1rodata*)

/DISCARD/
 libc.a(*)
 libm.a(*)
 libgcc.a(*)

.ARM.attributes
                0x00000000       0x32
 *(.ARM.attributes)
 .ARM.attributes
                0x00000000       0x24 c:/program files (x86)/atollic/truestudio for arm lite 4.0.1/armtools/bin/../lib/gcc/arm-atollic-eabi/4.7.3/armv7e-m/fpu/crti.o
 .ARM.attributes
                0x00000024       0x36 c:/program files (x86)/atollic/truestudio for arm lite 4.0.1/armtools/bin/../lib/gcc/arm-atollic-eabi/4.7.3/armv7e-m/fpu/crtbegin.o
 .ARM.attributes
                0x0000005a       0x3b src\usb_pwr.o
 .ARM.attributes
                0x00000095       0x3b src\usb_prop.o
 .ARM.attributes
                0x000000d0       0x3b src\usb_istr.o
 .ARM.attributes
                0x0000010b       0x3b src\usb_endp.o
 .ARM.attributes
                0x00000146       0x3b src\usb_desc.o
 .ARM.attributes
                0x00000181       0x3b src\system_stm32f30x.o
 .ARM.attributes
                0x000001bc       0x3b src\stm32f30x_it.o
 .ARM.attributes
                0x000001f7       0x21 src\startup_stm32f30x.o
 .ARM.attributes
                0x00000218       0x3b src\main.o
 .ARM.attributes
                0x00000253       0x3b src\hw_config.o
 .ARM.attributes
                0x0000028e       0x3b Utilities\STM32F3_Discovery\stm32f3_discovery_lsm303dlhc.o
 .ARM.attributes
                0x000002c9       0x3b Utilities\STM32F3_Discovery\stm32f3_discovery.o
 .ARM.attributes
                0x00000304       0x3b Libraries\STM32_USB-FS-Device_Driver\src\usb_sil.o
 .ARM.attributes
                0x0000033f       0x3b Libraries\STM32_USB-FS-Device_Driver\src\usb_regs.o
 .ARM.attributes
                0x0000037a       0x3b Libraries\STM32_USB-FS-Device_Driver\src\usb_mem.o
 .ARM.attributes
                0x000003b5       0x3b Libraries\STM32_USB-FS-Device_Driver\src\usb_int.o
 .ARM.attributes
                0x000003f0       0x3b Libraries\STM32_USB-FS-Device_Driver\src\usb_init.o
 .ARM.attributes
                0x0000042b       0x3b Libraries\STM32_USB-FS-Device_Driver\src\usb_core.o
 .ARM.attributes
                0x00000466       0x3b Libraries\STM32F30x_StdPeriph_Driver\src\stm32f30x_syscfg.o
 .ARM.attributes
                0x000004a1       0x3b Libraries\STM32F30x_StdPeriph_Driver\src\stm32f30x_rcc.o
 .ARM.attributes
                0x000004dc       0x3b Libraries\STM32F30x_StdPeriph_Driver\src\stm32f30x_misc.o
 .ARM.attributes
                0x00000517       0x3b Libraries\STM32F30x_StdPeriph_Driver\src\stm32f30x_i2c.o
 .ARM.attributes
                0x00000552       0x3b Libraries\STM32F30x_StdPeriph_Driver\src\stm32f30x_gpio.o
 .ARM.attributes
                0x0000058d       0x3b Libraries\STM32F30x_StdPeriph_Driver\src\stm32f30x_exti.o
 .ARM.attributes
                0x000005c8       0x36 c:/program files (x86)/atollic/truestudio for arm lite 4.0.1/armtools/bin/../lib/gcc/arm-atollic-eabi/4.7.3/../../../../arm-atollic-eabi/lib/armv7e-m/fpu\libc.a(lib_a-init.o)
 .ARM.attributes
                0x000005fe       0x24 c:/program files (x86)/atollic/truestudio for arm lite 4.0.1/armtools/bin/../lib/gcc/arm-atollic-eabi/4.7.3/armv7e-m/fpu/crtn.o
OUTPUT(STM32F3_USB_Mouse.elf elf32-littlearm)

.debug_info     0x00000000     0x9006
 .debug_info    0x00000000      0x2e1 src\usb_pwr.o
 .debug_info    0x000002e1      0x998 src\usb_prop.o
 .debug_info    0x00000c79      0x2f3 src\usb_istr.o
 .debug_info    0x00000f6c       0xc8 src\usb_endp.o
 .debug_info    0x00001034      0x1a0 src\usb_desc.o
 .debug_info    0x000011d4      0x4dd src\system_stm32f30x.o
 .debug_info    0x000016b1      0x208 src\stm32f30x_it.o
 .debug_info    0x000018b9       0x8b src\startup_stm32f30x.o
 .debug_info    0x00001944      0xb03 src\main.o
 .debug_info    0x00002447      0x9b3 src\hw_config.o
 .debug_info    0x00002dfa      0xa23 Utilities\STM32F3_Discovery\stm32f3_discovery_lsm303dlhc.o
 .debug_info    0x0000381d      0x88f Utilities\STM32F3_Discovery\stm32f3_discovery.o
 .debug_info    0x000040ac      0x175 Libraries\STM32_USB-FS-Device_Driver\src\usb_sil.o
 .debug_info    0x00004221      0xdac Libraries\STM32_USB-FS-Device_Driver\src\usb_regs.o
 .debug_info    0x00004fcd      0x1ba Libraries\STM32_USB-FS-Device_Driver\src\usb_mem.o
 .debug_info    0x00005187      0x1e6 Libraries\STM32_USB-FS-Device_Driver\src\usb_int.o
 .debug_info    0x0000536d      0x499 Libraries\STM32_USB-FS-Device_Driver\src\usb_init.o
 .debug_info    0x00005806      0xc03 Libraries\STM32_USB-FS-Device_Driver\src\usb_core.o
 .debug_info    0x00006409      0x3fd Libraries\STM32F30x_StdPeriph_Driver\src\stm32f30x_syscfg.o
 .debug_info    0x00006806      0xb85 Libraries\STM32F30x_StdPeriph_Driver\src\stm32f30x_rcc.o
 .debug_info    0x0000738b      0x596 Libraries\STM32F30x_StdPeriph_Driver\src\stm32f30x_misc.o
 .debug_info    0x00007921      0xcb2 Libraries\STM32F30x_StdPeriph_Driver\src\stm32f30x_i2c.o
 .debug_info    0x000085d3      0x63f Libraries\STM32F30x_StdPeriph_Driver\src\stm32f30x_gpio.o
 .debug_info    0x00008c12      0x3f4 Libraries\STM32F30x_StdPeriph_Driver\src\stm32f30x_exti.o

.debug_abbrev   0x00000000     0x1f55
 .debug_abbrev  0x00000000      0x12f src\usb_pwr.o
 .debug_abbrev  0x0000012f      0x1fd src\usb_prop.o
 .debug_abbrev  0x0000032c      0x109 src\usb_istr.o
 .debug_abbrev  0x00000435       0x7a src\usb_endp.o
 .debug_abbrev  0x000004af       0x75 src\usb_desc.o
 .debug_abbrev  0x00000524      0x149 src\system_stm32f30x.o
 .debug_abbrev  0x0000066d       0xaa src\stm32f30x_it.o
 .debug_abbrev  0x00000717       0x12 src\startup_stm32f30x.o
 .debug_abbrev  0x00000729      0x22a src\main.o
 .debug_abbrev  0x00000953      0x259 src\hw_config.o
 .debug_abbrev  0x00000bac      0x1a1 Utilities\STM32F3_Discovery\stm32f3_discovery_lsm303dlhc.o
 .debug_abbrev  0x00000d4d      0x187 Utilities\STM32F3_Discovery\stm32f3_discovery.o
 .debug_abbrev  0x00000ed4       0xbf Libraries\STM32_USB-FS-Device_Driver\src\usb_sil.o
 .debug_abbrev  0x00000f93      0x171 Libraries\STM32_USB-FS-Device_Driver\src\usb_regs.o
 .debug_abbrev  0x00001104       0xa1 Libraries\STM32_USB-FS-Device_Driver\src\usb_mem.o
 .debug_abbrev  0x000011a5       0xd2 Libraries\STM32_USB-FS-Device_Driver\src\usb_int.o
 .debug_abbrev  0x00001277      0x122 Libraries\STM32_USB-FS-Device_Driver\src\usb_init.o
 .debug_abbrev  0x00001399      0x28d Libraries\STM32_USB-FS-Device_Driver\src\usb_core.o
 .debug_abbrev  0x00001626      0x185 Libraries\STM32F30x_StdPeriph_Driver\src\stm32f30x_syscfg.o
 .debug_abbrev  0x000017ab      0x1e7 Libraries\STM32F30x_StdPeriph_Driver\src\stm32f30x_rcc.o
 .debug_abbrev  0x00001992      0x12b Libraries\STM32F30x_StdPeriph_Driver\src\stm32f30x_misc.o
 .debug_abbrev  0x00001abd      0x182 Libraries\STM32F30x_StdPeriph_Driver\src\stm32f30x_i2c.o
 .debug_abbrev  0x00001c3f      0x198 Libraries\STM32F30x_StdPeriph_Driver\src\stm32f30x_gpio.o
 .debug_abbrev  0x00001dd7      0x17e Libraries\STM32F30x_StdPeriph_Driver\src\stm32f30x_exti.o

.debug_loc      0x00000000     0x3c54
 .debug_loc     0x00000000      0x10c src\usb_pwr.o
 .debug_loc     0x0000010c      0x344 src\usb_prop.o
 .debug_loc     0x00000450       0x2c src\usb_istr.o
 .debug_loc     0x0000047c       0x2c src\usb_endp.o
 .debug_loc     0x000004a8       0x9c src\system_stm32f30x.o
 .debug_loc     0x00000544      0x1e4 src\stm32f30x_it.o
 .debug_loc     0x00000728      0x19c src\main.o
 .debug_loc     0x000008c4      0x244 src\hw_config.o
 .debug_loc     0x00000b08      0x380 Utilities\STM32F3_Discovery\stm32f3_discovery_lsm303dlhc.o
 .debug_loc     0x00000e88      0x150 Utilities\STM32F3_Discovery\stm32f3_discovery.o
 .debug_loc     0x00000fd8       0x9c Libraries\STM32_USB-FS-Device_Driver\src\usb_sil.o
 .debug_loc     0x00001074      0xcac Libraries\STM32_USB-FS-Device_Driver\src\usb_regs.o
 .debug_loc     0x00001d20       0x70 Libraries\STM32_USB-FS-Device_Driver\src\usb_mem.o
 .debug_loc     0x00001d90       0x70 Libraries\STM32_USB-FS-Device_Driver\src\usb_int.o
 .debug_loc     0x00001e00       0x2c Libraries\STM32_USB-FS-Device_Driver\src\usb_init.o
 .debug_loc     0x00001e2c      0x3f8 Libraries\STM32_USB-FS-Device_Driver\src\usb_core.o
 .debug_loc     0x00002224      0x2f8 Libraries\STM32F30x_StdPeriph_Driver\src\stm32f30x_syscfg.o
 .debug_loc     0x0000251c      0x864 Libraries\STM32F30x_StdPeriph_Driver\src\stm32f30x_rcc.o
 .debug_loc     0x00002d80      0x118 Libraries\STM32F30x_StdPeriph_Driver\src\stm32f30x_misc.o
 .debug_loc     0x00002e98      0x930 Libraries\STM32F30x_StdPeriph_Driver\src\stm32f30x_i2c.o
 .debug_loc     0x000037c8      0x2d8 Libraries\STM32F30x_StdPeriph_Driver\src\stm32f30x_gpio.o
 .debug_loc     0x00003aa0      0x1b4 Libraries\STM32F30x_StdPeriph_Driver\src\stm32f30x_exti.o

.debug_aranges  0x00000000      0xb38
 .debug_aranges
                0x00000000       0x40 src\usb_pwr.o
 .debug_aranges
                0x00000040       0x98 src\usb_prop.o
 .debug_aranges
                0x000000d8       0x20 src\usb_istr.o
 .debug_aranges
                0x000000f8       0x20 src\usb_endp.o
 .debug_aranges
                0x00000118       0x18 src\usb_desc.o
 .debug_aranges
                0x00000130       0x30 src\system_stm32f30x.o
 .debug_aranges
                0x00000160       0x70 src\stm32f30x_it.o
 .debug_aranges
                0x000001d0       0x28 src\startup_stm32f30x.o
 .debug_aranges
                0x000001f8       0x58 src\main.o
 .debug_aranges
                0x00000250       0x70 src\hw_config.o
 .debug_aranges
                0x000002c0       0x98 Utilities\STM32F3_Discovery\stm32f3_discovery_lsm303dlhc.o
 .debug_aranges
                0x00000358       0x48 Utilities\STM32F3_Discovery\stm32f3_discovery.o
 .debug_aranges
                0x000003a0       0x30 Libraries\STM32_USB-FS-Device_Driver\src\usb_sil.o
 .debug_aranges
                0x000003d0      0x1f0 Libraries\STM32_USB-FS-Device_Driver\src\usb_regs.o
 .debug_aranges
                0x000005c0       0x28 Libraries\STM32_USB-FS-Device_Driver\src\usb_mem.o
 .debug_aranges
                0x000005e8       0x28 Libraries\STM32_USB-FS-Device_Driver\src\usb_int.o
 .debug_aranges
                0x00000610       0x20 Libraries\STM32_USB-FS-Device_Driver\src\usb_init.o
 .debug_aranges
                0x00000630       0xb0 Libraries\STM32_USB-FS-Device_Driver\src\usb_core.o
 .debug_aranges
                0x000006e0       0x88 Libraries\STM32F30x_StdPeriph_Driver\src\stm32f30x_syscfg.o
 .debug_aranges
                0x00000768      0x150 Libraries\STM32F30x_StdPeriph_Driver\src\stm32f30x_rcc.o
 .debug_aranges
                0x000008b8       0x40 Libraries\STM32F30x_StdPeriph_Driver\src\stm32f30x_misc.o
 .debug_aranges
                0x000008f8      0x168 Libraries\STM32F30x_StdPeriph_Driver\src\stm32f30x_i2c.o
 .debug_aranges
                0x00000a60       0x80 Libraries\STM32F30x_StdPeriph_Driver\src\stm32f30x_gpio.o
 .debug_aranges
                0x00000ae0       0x58 Libraries\STM32F30x_StdPeriph_Driver\src\stm32f30x_exti.o

.debug_ranges   0x00000000      0x9b8
 .debug_ranges  0x00000000       0x30 src\usb_pwr.o
 .debug_ranges  0x00000030       0x88 src\usb_prop.o
 .debug_ranges  0x000000b8       0x10 src\usb_istr.o
 .debug_ranges  0x000000c8       0x10 src\usb_endp.o
 .debug_ranges  0x000000d8       0x20 src\system_stm32f30x.o
 .debug_ranges  0x000000f8       0x60 src\stm32f30x_it.o
 .debug_ranges  0x00000158       0x20 src\startup_stm32f30x.o
 .debug_ranges  0x00000178       0x48 src\main.o
 .debug_ranges  0x000001c0       0x60 src\hw_config.o
 .debug_ranges  0x00000220       0x88 Utilities\STM32F3_Discovery\stm32f3_discovery_lsm303dlhc.o
 .debug_ranges  0x000002a8       0x38 Utilities\STM32F3_Discovery\stm32f3_discovery.o
 .debug_ranges  0x000002e0       0x20 Libraries\STM32_USB-FS-Device_Driver\src\usb_sil.o
 .debug_ranges  0x00000300      0x1e0 Libraries\STM32_USB-FS-Device_Driver\src\usb_regs.o
 .debug_ranges  0x000004e0       0x18 Libraries\STM32_USB-FS-Device_Driver\src\usb_mem.o
 .debug_ranges  0x000004f8       0x18 Libraries\STM32_USB-FS-Device_Driver\src\usb_int.o
 .debug_ranges  0x00000510       0x10 Libraries\STM32_USB-FS-Device_Driver\src\usb_init.o
 .debug_ranges  0x00000520       0xa0 Libraries\STM32_USB-FS-Device_Driver\src\usb_core.o
 .debug_ranges  0x000005c0       0x78 Libraries\STM32F30x_StdPeriph_Driver\src\stm32f30x_syscfg.o
 .debug_ranges  0x00000638      0x140 Libraries\STM32F30x_StdPeriph_Driver\src\stm32f30x_rcc.o
 .debug_ranges  0x00000778       0x30 Libraries\STM32F30x_StdPeriph_Driver\src\stm32f30x_misc.o
 .debug_ranges  0x000007a8      0x158 Libraries\STM32F30x_StdPeriph_Driver\src\stm32f30x_i2c.o
 .debug_ranges  0x00000900       0x70 Libraries\STM32F30x_StdPeriph_Driver\src\stm32f30x_gpio.o
 .debug_ranges  0x00000970       0x48 Libraries\STM32F30x_StdPeriph_Driver\src\stm32f30x_exti.o

.debug_line     0x00000000     0x407c
 .debug_line    0x00000000      0x22d src\usb_pwr.o
 .debug_line    0x0000022d      0x2d5 src\usb_prop.o
 .debug_line    0x00000502      0x186 src\usb_istr.o
 .debug_line    0x00000688      0x109 src\usb_endp.o
 .debug_line    0x00000791       0xf8 src\usb_desc.o
 .debug_line    0x00000889      0x1c2 src\system_stm32f30x.o
 .debug_line    0x00000a4b      0x1d7 src\stm32f30x_it.o
 .debug_line    0x00000c22       0x77 src\startup_stm32f30x.o
 .debug_line    0x00000c99      0x355 src\main.o
 .debug_line    0x00000fee      0x31b src\hw_config.o
 .debug_line    0x00001309      0x42e Utilities\STM32F3_Discovery\stm32f3_discovery_lsm303dlhc.o
 .debug_line    0x00001737      0x25b Utilities\STM32F3_Discovery\stm32f3_discovery.o
 .debug_line    0x00001992      0x193 Libraries\STM32_USB-FS-Device_Driver\src\usb_sil.o
 .debug_line    0x00001b25      0x701 Libraries\STM32_USB-FS-Device_Driver\src\usb_regs.o
 .debug_line    0x00002226      0x187 Libraries\STM32_USB-FS-Device_Driver\src\usb_mem.o
 .debug_line    0x000023ad      0x25d Libraries\STM32_USB-FS-Device_Driver\src\usb_int.o
 .debug_line    0x0000260a      0x16d Libraries\STM32_USB-FS-Device_Driver\src\usb_init.o
 .debug_line    0x00002777      0x4c8 Libraries\STM32_USB-FS-Device_Driver\src\usb_core.o
 .debug_line    0x00002c3f      0x27d Libraries\STM32F30x_StdPeriph_Driver\src\stm32f30x_syscfg.o
 .debug_line    0x00002ebc      0x545 Libraries\STM32F30x_StdPeriph_Driver\src\stm32f30x_rcc.o
 .debug_line    0x00003401      0x20d Libraries\STM32F30x_StdPeriph_Driver\src\stm32f30x_misc.o
 .debug_line    0x0000360e      0x523 Libraries\STM32F30x_StdPeriph_Driver\src\stm32f30x_i2c.o
 .debug_line    0x00003b31      0x2d9 Libraries\STM32F30x_StdPeriph_Driver\src\stm32f30x_gpio.o
 .debug_line    0x00003e0a      0x272 Libraries\STM32F30x_StdPeriph_Driver\src\stm32f30x_exti.o

.debug_str      0x00000000     0x3593
 .debug_str     0x00000000      0x2b4 src\usb_pwr.o
                                0x31b (size before relaxing)
 .debug_str     0x000002b4      0x6f5 src\usb_prop.o
                                0x9e7 (size before relaxing)
 .debug_str     0x000009a9       0x42 src\usb_istr.o
                                0x35f (size before relaxing)
 .debug_str     0x000009eb       0x33 src\usb_endp.o
                                0x172 (size before relaxing)
 .debug_str     0x00000a1e       0x12 src\usb_desc.o
                                0x1f8 (size before relaxing)
 .debug_str     0x00000a30      0x165 src\system_stm32f30x.o
                                0x2cf (size before relaxing)
 .debug_str     0x00000b95       0xf2 src\stm32f30x_it.o
                                0x2bb (size before relaxing)
 .debug_str     0x00000c87      0x86a src\main.o
                                0xadd (size before relaxing)
 .debug_str     0x000014f1      0x416 src\hw_config.o
                                0xb96 (size before relaxing)
 .debug_str     0x00001907      0x3de Utilities\STM32F3_Discovery\stm32f3_discovery_lsm303dlhc.o
                                0x8f1 (size before relaxing)
 .debug_str     0x00001ce5      0x15b Utilities\STM32F3_Discovery\stm32f3_discovery.o
                                0xa61 (size before relaxing)
 .debug_str     0x00001e40       0x8c Libraries\STM32_USB-FS-Device_Driver\src\usb_sil.o
                                0x1ed (size before relaxing)
 .debug_str     0x00001ecc      0x403 Libraries\STM32_USB-FS-Device_Driver\src\usb_regs.o
                                0x567 (size before relaxing)
 .debug_str     0x000022cf       0x8e Libraries\STM32_USB-FS-Device_Driver\src\usb_mem.o
                                0x1df (size before relaxing)
 .debug_str     0x0000235d       0x69 Libraries\STM32_USB-FS-Device_Driver\src\usb_int.o
                                0x1de (size before relaxing)
 .debug_str     0x000023c6       0x6c Libraries\STM32_USB-FS-Device_Driver\src\usb_init.o
                                0x52a (size before relaxing)
 .debug_str     0x00002432      0x34f Libraries\STM32_USB-FS-Device_Driver\src\usb_core.o
                                0xa4b (size before relaxing)
 .debug_str     0x00002781      0x270 Libraries\STM32F30x_StdPeriph_Driver\src\stm32f30x_syscfg.o
                                0x3f7 (size before relaxing)
 .debug_str     0x000029f1      0x448 Libraries\STM32F30x_StdPeriph_Driver\src\stm32f30x_rcc.o
                                0x7e0 (size before relaxing)
 .debug_str     0x00002e39       0xfc Libraries\STM32F30x_StdPeriph_Driver\src\stm32f30x_misc.o
                                0x3c5 (size before relaxing)
 .debug_str     0x00002f35      0x3ce Libraries\STM32F30x_StdPeriph_Driver\src\stm32f30x_i2c.o
                                0x639 (size before relaxing)
 .debug_str     0x00003303      0x180 Libraries\STM32F30x_StdPeriph_Driver\src\stm32f30x_gpio.o
                                0x48b (size before relaxing)
 .debug_str     0x00003483      0x110 Libraries\STM32F30x_StdPeriph_Driver\src\stm32f30x_exti.o
                                0x381 (size before relaxing)

.comment        0x00000000       0x83
 .comment       0x00000000       0x83 src\usb_pwr.o
                                 0x84 (size before relaxing)
 .comment       0x00000000       0x84 src\usb_prop.o
 .comment       0x00000000       0x84 src\usb_istr.o
 .comment       0x00000000       0x84 src\usb_endp.o
 .comment       0x00000000       0x84 src\usb_desc.o
 .comment       0x00000000       0x84 src\system_stm32f30x.o
 .comment       0x00000000       0x84 src\stm32f30x_it.o
 .comment       0x00000000       0x84 src\main.o
 .comment       0x00000000       0x84 src\hw_config.o
 .comment       0x00000000       0x84 Utilities\STM32F3_Discovery\stm32f3_discovery_lsm303dlhc.o
 .comment       0x00000000       0x84 Utilities\STM32F3_Discovery\stm32f3_discovery.o
 .comment       0x00000000       0x84 Libraries\STM32_USB-FS-Device_Driver\src\usb_sil.o
 .comment       0x00000000       0x84 Libraries\STM32_USB-FS-Device_Driver\src\usb_regs.o
 .comment       0x00000000       0x84 Libraries\STM32_USB-FS-Device_Driver\src\usb_mem.o
 .comment       0x00000000       0x84 Libraries\STM32_USB-FS-Device_Driver\src\usb_int.o
 .comment       0x00000000       0x84 Libraries\STM32_USB-FS-Device_Driver\src\usb_init.o
 .comment       0x00000000       0x84 Libraries\STM32_USB-FS-Device_Driver\src\usb_core.o
 .comment       0x00000000       0x84 Libraries\STM32F30x_StdPeriph_Driver\src\stm32f30x_syscfg.o
 .comment       0x00000000       0x84 Libraries\STM32F30x_StdPeriph_Driver\src\stm32f30x_rcc.o
 .comment       0x00000000       0x84 Libraries\STM32F30x_StdPeriph_Driver\src\stm32f30x_misc.o
 .comment       0x00000000       0x84 Libraries\STM32F30x_StdPeriph_Driver\src\stm32f30x_i2c.o
 .comment       0x00000000       0x84 Libraries\STM32F30x_StdPeriph_Driver\src\stm32f30x_gpio.o
 .comment       0x00000000       0x84 Libraries\STM32F30x_StdPeriph_Driver\src\stm32f30x_exti.o

.debug_frame    0x00000000     0x2150
 .debug_frame   0x00000000       0xac src\usb_pwr.o
 .debug_frame   0x000000ac      0x1e0 src\usb_prop.o
 .debug_frame   0x0000028c       0x2c src\usb_istr.o
 .debug_frame   0x000002b8       0x28 src\usb_endp.o
 .debug_frame   0x000002e0       0x64 src\system_stm32f30x.o
 .debug_frame   0x00000344      0x120 src\stm32f30x_it.o
 .debug_frame   0x00000464       0xfc src\main.o
 .debug_frame   0x00000560      0x158 src\hw_config.o
 .debug_frame   0x000006b8      0x210 Utilities\STM32F3_Discovery\stm32f3_discovery_lsm303dlhc.o
 .debug_frame   0x000008c8       0xc4 Utilities\STM32F3_Discovery\stm32f3_discovery.o
 .debug_frame   0x0000098c       0x68 Libraries\STM32_USB-FS-Device_Driver\src\usb_sil.o
 .debug_frame   0x000009f4      0x684 Libraries\STM32_USB-FS-Device_Driver\src\usb_regs.o
 .debug_frame   0x00001078       0x48 Libraries\STM32_USB-FS-Device_Driver\src\usb_mem.o
 .debug_frame   0x000010c0       0x50 Libraries\STM32_USB-FS-Device_Driver\src\usb_int.o
 .debug_frame   0x00001110       0x2c Libraries\STM32_USB-FS-Device_Driver\src\usb_init.o
 .debug_frame   0x0000113c      0x254 Libraries\STM32_USB-FS-Device_Driver\src\usb_core.o
 .debug_frame   0x00001390      0x194 Libraries\STM32F30x_StdPeriph_Driver\src\stm32f30x_syscfg.o
 .debug_frame   0x00001524      0x44c Libraries\STM32F30x_StdPeriph_Driver\src\stm32f30x_rcc.o
 .debug_frame   0x00001970       0x9c Libraries\STM32F30x_StdPeriph_Driver\src\stm32f30x_misc.o
 .debug_frame   0x00001a0c      0x4ac Libraries\STM32F30x_StdPeriph_Driver\src\stm32f30x_i2c.o
 .debug_frame   0x00001eb8      0x180 Libraries\STM32F30x_StdPeriph_Driver\src\stm32f30x_gpio.o
 .debug_frame   0x00002038       0xec Libraries\STM32F30x_StdPeriph_Driver\src\stm32f30x_exti.o
 .debug_frame   0x00002124       0x2c c:/program files (x86)/atollic/truestudio for arm lite 4.0.1/armtools/bin/../lib/gcc/arm-atollic-eabi/4.7.3/../../../../arm-atollic-eabi/lib/armv7e-m/fpu\libc.a(lib_a-init.o)

Cross Reference Table

Symbol                                            File
ADC1_2_IRQHandler                                 src\startup_stm32f30x.o
ADC3_IRQHandler                                   src\startup_stm32f30x.o
ADC4_IRQHandler                                   src\startup_stm32f30x.o
ADC_AnalogWatchdog1SingleChannelConfig            Libraries\STM32F30x_StdPeriph_Driver\src\stm32f30x_adc.o
ADC_AnalogWatchdog1ThresholdsConfig               Libraries\STM32F30x_StdPeriph_Driver\src\stm32f30x_adc.o
ADC_AnalogWatchdog2SingleChannelConfig            Libraries\STM32F30x_StdPeriph_Driver\src\stm32f30x_adc.o
ADC_AnalogWatchdog2ThresholdsConfig               Libraries\STM32F30x_StdPeriph_Driver\src\stm32f30x_adc.o
ADC_AnalogWatchdog3SingleChannelConfig            Libraries\STM32F30x_StdPeriph_Driver\src\stm32f30x_adc.o
ADC_AnalogWatchdog3ThresholdsConfig               Libraries\STM32F30x_StdPeriph_Driver\src\stm32f30x_adc.o
ADC_AnalogWatchdogCmd                             Libraries\STM32F30x_StdPeriph_Driver\src\stm32f30x_adc.o
ADC_AutoDelayCmd                                  Libraries\STM32F30x_StdPeriph_Driver\src\stm32f30x_adc.o
ADC_AutoInjectedConvCmd                           Libraries\STM32F30x_StdPeriph_Driver\src\stm32f30x_adc.o
ADC_ChannelOffset1Cmd                             Libraries\STM32F30x_StdPeriph_Driver\src\stm32f30x_adc.o
ADC_ChannelOffset2Cmd                             Libraries\STM32F30x_StdPeriph_Driver\src\stm32f30x_adc.o
ADC_ChannelOffset3Cmd                             Libraries\STM32F30x_StdPeriph_Driver\src\stm32f30x_adc.o
ADC_ChannelOffset4Cmd                             Libraries\STM32F30x_StdPeriph_Driver\src\stm32f30x_adc.o
ADC_ClearCommonFlag                               Libraries\STM32F30x_StdPeriph_Driver\src\stm32f30x_adc.o
ADC_ClearFlag                                     Libraries\STM32F30x_StdPeriph_Driver\src\stm32f30x_adc.o
ADC_ClearITPendingBit                             Libraries\STM32F30x_StdPeriph_Driver\src\stm32f30x_adc.o
ADC_Cmd                                           Libraries\STM32F30x_StdPeriph_Driver\src\stm32f30x_adc.o
ADC_CommonInit                                    Libraries\STM32F30x_StdPeriph_Driver\src\stm32f30x_adc.o
ADC_CommonStructInit                              Libraries\STM32F30x_StdPeriph_Driver\src\stm32f30x_adc.o
ADC_DMACmd                                        Libraries\STM32F30x_StdPeriph_Driver\src\stm32f30x_adc.o
ADC_DMAConfig                                     Libraries\STM32F30x_StdPeriph_Driver\src\stm32f30x_adc.o
ADC_DeInit                                        Libraries\STM32F30x_StdPeriph_Driver\src\stm32f30x_adc.o
ADC_DisableCmd                                    Libraries\STM32F30x_StdPeriph_Driver\src\stm32f30x_adc.o
ADC_DiscModeChannelCountConfig                    Libraries\STM32F30x_StdPeriph_Driver\src\stm32f30x_adc.o
ADC_DiscModeCmd                                   Libraries\STM32F30x_StdPeriph_Driver\src\stm32f30x_adc.o
ADC_ExternalTriggerConfig                         Libraries\STM32F30x_StdPeriph_Driver\src\stm32f30x_adc.o
ADC_GetCalibrationStatus                          Libraries\STM32F30x_StdPeriph_Driver\src\stm32f30x_adc.o
ADC_GetCalibrationValue                           Libraries\STM32F30x_StdPeriph_Driver\src\stm32f30x_adc.o
ADC_GetCommonFlagStatus                           Libraries\STM32F30x_StdPeriph_Driver\src\stm32f30x_adc.o
ADC_GetConversionValue                            Libraries\STM32F30x_StdPeriph_Driver\src\stm32f30x_adc.o
ADC_GetDisableCmdStatus                           Libraries\STM32F30x_StdPeriph_Driver\src\stm32f30x_adc.o
ADC_GetDualModeConversionValue                    Libraries\STM32F30x_StdPeriph_Driver\src\stm32f30x_adc.o
ADC_GetFlagStatus                                 Libraries\STM32F30x_StdPeriph_Driver\src\stm32f30x_adc.o
ADC_GetITStatus                                   Libraries\STM32F30x_StdPeriph_Driver\src\stm32f30x_adc.o
ADC_GetInjectedConversionValue                    Libraries\STM32F30x_StdPeriph_Driver\src\stm32f30x_adc.o
ADC_GetStartConversionStatus                      Libraries\STM32F30x_StdPeriph_Driver\src\stm32f30x_adc.o
ADC_GetStartInjectedConversionStatus              Libraries\STM32F30x_StdPeriph_Driver\src\stm32f30x_adc.o
ADC_ITConfig                                      Libraries\STM32F30x_StdPeriph_Driver\src\stm32f30x_adc.o
ADC_Init                                          Libraries\STM32F30x_StdPeriph_Driver\src\stm32f30x_adc.o
ADC_InjectedChannelSampleTimeConfig               Libraries\STM32F30x_StdPeriph_Driver\src\stm32f30x_adc.o
ADC_InjectedDiscModeCmd                           Libraries\STM32F30x_StdPeriph_Driver\src\stm32f30x_adc.o
ADC_InjectedInit                                  Libraries\STM32F30x_StdPeriph_Driver\src\stm32f30x_adc.o
ADC_InjectedStructInit                            Libraries\STM32F30x_StdPeriph_Driver\src\stm32f30x_adc.o
ADC_RegularChannelConfig                          Libraries\STM32F30x_StdPeriph_Driver\src\stm32f30x_adc.o
ADC_RegularChannelSequencerLengthConfig           Libraries\STM32F30x_StdPeriph_Driver\src\stm32f30x_adc.o
ADC_SelectCalibrationMode                         Libraries\STM32F30x_StdPeriph_Driver\src\stm32f30x_adc.o
ADC_SelectDifferentialMode                        Libraries\STM32F30x_StdPeriph_Driver\src\stm32f30x_adc.o
ADC_SelectQueueOfContextMode                      Libraries\STM32F30x_StdPeriph_Driver\src\stm32f30x_adc.o
ADC_SetCalibrationValue                           Libraries\STM32F30x_StdPeriph_Driver\src\stm32f30x_adc.o
ADC_SetChannelOffset1                             Libraries\STM32F30x_StdPeriph_Driver\src\stm32f30x_adc.o
ADC_SetChannelOffset2                             Libraries\STM32F30x_StdPeriph_Driver\src\stm32f30x_adc.o
ADC_SetChannelOffset3                             Libraries\STM32F30x_StdPeriph_Driver\src\stm32f30x_adc.o
ADC_SetChannelOffset4                             Libraries\STM32F30x_StdPeriph_Driver\src\stm32f30x_adc.o
ADC_StartCalibration                              Libraries\STM32F30x_StdPeriph_Driver\src\stm32f30x_adc.o
ADC_StartConversion                               Libraries\STM32F30x_StdPeriph_Driver\src\stm32f30x_adc.o
ADC_StartInjectedConversion                       Libraries\STM32F30x_StdPeriph_Driver\src\stm32f30x_adc.o
ADC_StopConversion                                Libraries\STM32F30x_StdPeriph_Driver\src\stm32f30x_adc.o
ADC_StopInjectedConversion                        Libraries\STM32F30x_StdPeriph_Driver\src\stm32f30x_adc.o
ADC_StructInit                                    Libraries\STM32F30x_StdPeriph_Driver\src\stm32f30x_adc.o
ADC_TempSensorCmd                                 Libraries\STM32F30x_StdPeriph_Driver\src\stm32f30x_adc.o
ADC_VbatCmd                                       Libraries\STM32F30x_StdPeriph_Driver\src\stm32f30x_adc.o
ADC_VoltageRegulatorCmd                           Libraries\STM32F30x_StdPeriph_Driver\src\stm32f30x_adc.o
ADC_VrefintCmd                                    Libraries\STM32F30x_StdPeriph_Driver\src\stm32f30x_adc.o
AHBPrescTable                                     src\system_stm32f30x.o
AccBuffer                                         src\main.o
Acc_Config                                        src\main.o
Acc_ReadData                                      src\main.o
BUTTON_CLK                                        Utilities\STM32F3_Discovery\stm32f3_discovery.o
BUTTON_EXTI_LINE                                  Utilities\STM32F3_Discovery\stm32f3_discovery.o
BUTTON_IRQn                                       Utilities\STM32F3_Discovery\stm32f3_discovery.o
BUTTON_PIN                                        Utilities\STM32F3_Discovery\stm32f3_discovery.o
BUTTON_PIN_SOURCE                                 Utilities\STM32F3_Discovery\stm32f3_discovery.o
BUTTON_PORT                                       Utilities\STM32F3_Discovery\stm32f3_discovery.o
BUTTON_PORT_SOURCE                                Utilities\STM32F3_Discovery\stm32f3_discovery.o
BusFault_Handler                                  src\stm32f30x_it.o
ByteSwap                                          Libraries\STM32_USB-FS-Device_Driver\src\usb_regs.o
                                                  Libraries\STM32_USB-FS-Device_Driver\src\usb_core.o
CAN1_RX1_IRQHandler                               src\startup_stm32f30x.o
CAN1_SCE_IRQHandler                               src\startup_stm32f30x.o
CAN_CancelTransmit                                Libraries\STM32F30x_StdPeriph_Driver\src\stm32f30x_can.o
CAN_ClearFlag                                     Libraries\STM32F30x_StdPeriph_Driver\src\stm32f30x_can.o
CAN_ClearITPendingBit                             Libraries\STM32F30x_StdPeriph_Driver\src\stm32f30x_can.o
CAN_DBGFreeze                                     Libraries\STM32F30x_StdPeriph_Driver\src\stm32f30x_can.o
CAN_DeInit                                        Libraries\STM32F30x_StdPeriph_Driver\src\stm32f30x_can.o
CAN_FIFORelease                                   Libraries\STM32F30x_StdPeriph_Driver\src\stm32f30x_can.o
CAN_FilterInit                                    Libraries\STM32F30x_StdPeriph_Driver\src\stm32f30x_can.o
CAN_GetFlagStatus                                 Libraries\STM32F30x_StdPeriph_Driver\src\stm32f30x_can.o
CAN_GetITStatus                                   Libraries\STM32F30x_StdPeriph_Driver\src\stm32f30x_can.o
CAN_GetLSBTransmitErrorCounter                    Libraries\STM32F30x_StdPeriph_Driver\src\stm32f30x_can.o
CAN_GetLastErrorCode                              Libraries\STM32F30x_StdPeriph_Driver\src\stm32f30x_can.o
CAN_GetReceiveErrorCounter                        Libraries\STM32F30x_StdPeriph_Driver\src\stm32f30x_can.o
CAN_ITConfig                                      Libraries\STM32F30x_StdPeriph_Driver\src\stm32f30x_can.o
CAN_Init                                          Libraries\STM32F30x_StdPeriph_Driver\src\stm32f30x_can.o
CAN_MessagePending                                Libraries\STM32F30x_StdPeriph_Driver\src\stm32f30x_can.o
CAN_OperatingModeRequest                          Libraries\STM32F30x_StdPeriph_Driver\src\stm32f30x_can.o
CAN_Receive                                       Libraries\STM32F30x_StdPeriph_Driver\src\stm32f30x_can.o
CAN_SlaveStartBank                                Libraries\STM32F30x_StdPeriph_Driver\src\stm32f30x_can.o
CAN_Sleep                                         Libraries\STM32F30x_StdPeriph_Driver\src\stm32f30x_can.o
CAN_StructInit                                    Libraries\STM32F30x_StdPeriph_Driver\src\stm32f30x_can.o
CAN_TTComModeCmd                                  Libraries\STM32F30x_StdPeriph_Driver\src\stm32f30x_can.o
CAN_Transmit                                      Libraries\STM32F30x_StdPeriph_Driver\src\stm32f30x_can.o
CAN_TransmitStatus                                Libraries\STM32F30x_StdPeriph_Driver\src\stm32f30x_can.o
CAN_WakeUp                                        Libraries\STM32F30x_StdPeriph_Driver\src\stm32f30x_can.o
COMP1_2_3_IRQHandler                              src\startup_stm32f30x.o
COMP4_5_6_IRQHandler                              src\startup_stm32f30x.o
COMP7_IRQHandler                                  src\startup_stm32f30x.o
COMP_Cmd                                          Libraries\STM32F30x_StdPeriph_Driver\src\stm32f30x_comp.o
COMP_DeInit                                       Libraries\STM32F30x_StdPeriph_Driver\src\stm32f30x_comp.o
COMP_GetOutputLevel                               Libraries\STM32F30x_StdPeriph_Driver\src\stm32f30x_comp.o
COMP_Init                                         Libraries\STM32F30x_StdPeriph_Driver\src\stm32f30x_comp.o
COMP_LockConfig                                   Libraries\STM32F30x_StdPeriph_Driver\src\stm32f30x_comp.o
COMP_StructInit                                   Libraries\STM32F30x_StdPeriph_Driver\src\stm32f30x_comp.o
COMP_SwitchCmd                                    Libraries\STM32F30x_StdPeriph_Driver\src\stm32f30x_comp.o
COMP_WindowCmd                                    Libraries\STM32F30x_StdPeriph_Driver\src\stm32f30x_comp.o
CRC_CalcBlockCRC                                  Libraries\STM32F30x_StdPeriph_Driver\src\stm32f30x_crc.o
CRC_CalcCRC                                       Libraries\STM32F30x_StdPeriph_Driver\src\stm32f30x_crc.o
CRC_CalcCRC16bits                                 Libraries\STM32F30x_StdPeriph_Driver\src\stm32f30x_crc.o
CRC_CalcCRC8bits                                  Libraries\STM32F30x_StdPeriph_Driver\src\stm32f30x_crc.o
CRC_DeInit                                        Libraries\STM32F30x_StdPeriph_Driver\src\stm32f30x_crc.o
CRC_GetCRC                                        Libraries\STM32F30x_StdPeriph_Driver\src\stm32f30x_crc.o
CRC_GetIDRegister                                 Libraries\STM32F30x_StdPeriph_Driver\src\stm32f30x_crc.o
CRC_PolynomialSizeSelect                          Libraries\STM32F30x_StdPeriph_Driver\src\stm32f30x_crc.o
CRC_ResetDR                                       Libraries\STM32F30x_StdPeriph_Driver\src\stm32f30x_crc.o
CRC_ReverseInputDataSelect                        Libraries\STM32F30x_StdPeriph_Driver\src\stm32f30x_crc.o
CRC_ReverseOutputDataCmd                          Libraries\STM32F30x_StdPeriph_Driver\src\stm32f30x_crc.o
CRC_SetIDRegister                                 Libraries\STM32F30x_StdPeriph_Driver\src\stm32f30x_crc.o
CRC_SetInitRegister                               Libraries\STM32F30x_StdPeriph_Driver\src\stm32f30x_crc.o
CRC_SetPolynomial                                 Libraries\STM32F30x_StdPeriph_Driver\src\stm32f30x_crc.o
CTR_HP                                            Libraries\STM32_USB-FS-Device_Driver\src\usb_int.o
CTR_LP                                            Libraries\STM32_USB-FS-Device_Driver\src\usb_int.o
                                                  src\usb_istr.o
ClearDTOG_RX                                      Libraries\STM32_USB-FS-Device_Driver\src\usb_regs.o
                                                  Libraries\STM32_USB-FS-Device_Driver\src\usb_core.o
ClearDTOG_TX                                      Libraries\STM32_USB-FS-Device_Driver\src\usb_regs.o
                                                  Libraries\STM32_USB-FS-Device_Driver\src\usb_core.o
ClearEPDoubleBuff                                 Libraries\STM32_USB-FS-Device_Driver\src\usb_regs.o
ClearEP_CTR_RX                                    Libraries\STM32_USB-FS-Device_Driver\src\usb_regs.o
ClearEP_CTR_TX                                    Libraries\STM32_USB-FS-Device_Driver\src\usb_regs.o
ClearEP_KIND                                      Libraries\STM32_USB-FS-Device_Driver\src\usb_regs.o
Clear_Status_Out                                  Libraries\STM32_USB-FS-Device_Driver\src\usb_regs.o
                                                  src\usb_prop.o
Config_Descriptor                                 src\usb_prop.o
DAC_ClearFlag                                     Libraries\STM32F30x_StdPeriph_Driver\src\stm32f30x_dac.o
DAC_ClearITPendingBit                             Libraries\STM32F30x_StdPeriph_Driver\src\stm32f30x_dac.o
DAC_Cmd                                           Libraries\STM32F30x_StdPeriph_Driver\src\stm32f30x_dac.o
DAC_DMACmd                                        Libraries\STM32F30x_StdPeriph_Driver\src\stm32f30x_dac.o
DAC_DeInit                                        Libraries\STM32F30x_StdPeriph_Driver\src\stm32f30x_dac.o
DAC_DualSoftwareTriggerCmd                        Libraries\STM32F30x_StdPeriph_Driver\src\stm32f30x_dac.o
DAC_GetDataOutputValue                            Libraries\STM32F30x_StdPeriph_Driver\src\stm32f30x_dac.o
DAC_GetFlagStatus                                 Libraries\STM32F30x_StdPeriph_Driver\src\stm32f30x_dac.o
DAC_GetITStatus                                   Libraries\STM32F30x_StdPeriph_Driver\src\stm32f30x_dac.o
DAC_ITConfig                                      Libraries\STM32F30x_StdPeriph_Driver\src\stm32f30x_dac.o
DAC_Init                                          Libraries\STM32F30x_StdPeriph_Driver\src\stm32f30x_dac.o
DAC_SetChannel1Data                               Libraries\STM32F30x_StdPeriph_Driver\src\stm32f30x_dac.o
DAC_SetChannel2Data                               Libraries\STM32F30x_StdPeriph_Driver\src\stm32f30x_dac.o
DAC_SetDualChannelData                            Libraries\STM32F30x_StdPeriph_Driver\src\stm32f30x_dac.o
DAC_SoftwareTriggerCmd                            Libraries\STM32F30x_StdPeriph_Driver\src\stm32f30x_dac.o
DAC_StructInit                                    Libraries\STM32F30x_StdPeriph_Driver\src\stm32f30x_dac.o
DAC_WaveGenerationCmd                             Libraries\STM32F30x_StdPeriph_Driver\src\stm32f30x_dac.o
DBGMCU_APB1PeriphConfig                           Libraries\STM32F30x_StdPeriph_Driver\src\stm32f30x_dbgmcu.o
DBGMCU_APB2PeriphConfig                           Libraries\STM32F30x_StdPeriph_Driver\src\stm32f30x_dbgmcu.o
DBGMCU_Config                                     Libraries\STM32F30x_StdPeriph_Driver\src\stm32f30x_dbgmcu.o
DBGMCU_GetDEVID                                   Libraries\STM32F30x_StdPeriph_Driver\src\stm32f30x_dbgmcu.o
DBGMCU_GetREVID                                   Libraries\STM32F30x_StdPeriph_Driver\src\stm32f30x_dbgmcu.o
DMA1_Channel1_IRQHandler                          src\startup_stm32f30x.o
DMA1_Channel2_IRQHandler                          src\startup_stm32f30x.o
DMA1_Channel3_IRQHandler                          src\startup_stm32f30x.o
DMA1_Channel4_IRQHandler                          src\startup_stm32f30x.o
DMA1_Channel5_IRQHandler                          src\startup_stm32f30x.o
DMA1_Channel6_IRQHandler                          src\startup_stm32f30x.o
DMA1_Channel7_IRQHandler                          src\startup_stm32f30x.o
DMA2_Channel1_IRQHandler                          src\startup_stm32f30x.o
DMA2_Channel2_IRQHandler                          src\startup_stm32f30x.o
DMA2_Channel3_IRQHandler                          src\startup_stm32f30x.o
DMA2_Channel4_IRQHandler                          src\startup_stm32f30x.o
DMA2_Channel5_IRQHandler                          src\startup_stm32f30x.o
DMA_ClearFlag                                     Libraries\STM32F30x_StdPeriph_Driver\src\stm32f30x_dma.o
DMA_ClearITPendingBit                             Libraries\STM32F30x_StdPeriph_Driver\src\stm32f30x_dma.o
DMA_Cmd                                           Libraries\STM32F30x_StdPeriph_Driver\src\stm32f30x_dma.o
DMA_DeInit                                        Libraries\STM32F30x_StdPeriph_Driver\src\stm32f30x_dma.o
DMA_GetCurrDataCounter                            Libraries\STM32F30x_StdPeriph_Driver\src\stm32f30x_dma.o
DMA_GetFlagStatus                                 Libraries\STM32F30x_StdPeriph_Driver\src\stm32f30x_dma.o
DMA_GetITStatus                                   Libraries\STM32F30x_StdPeriph_Driver\src\stm32f30x_dma.o
DMA_ITConfig                                      Libraries\STM32F30x_StdPeriph_Driver\src\stm32f30x_dma.o
DMA_Init                                          Libraries\STM32F30x_StdPeriph_Driver\src\stm32f30x_dma.o
DMA_SetCurrDataCounter                            Libraries\STM32F30x_StdPeriph_Driver\src\stm32f30x_dma.o
DMA_StructInit                                    Libraries\STM32F30x_StdPeriph_Driver\src\stm32f30x_dma.o
DataReady                                         src\main.o
                                                  src\stm32f30x_it.o
Data_Mul_MaxPacketSize                            Libraries\STM32_USB-FS-Device_Driver\src\usb_core.o
DebugMon_Handler                                  src\stm32f30x_it.o
Default_Handler                                   src\startup_stm32f30x.o
Device_Descriptor                                 src\usb_prop.o
Device_Info                                       Libraries\STM32_USB-FS-Device_Driver\src\usb_init.o
                                                  src\hw_config.o
                                                  src\usb_prop.o
Device_Property                                   src\usb_prop.o
                                                  Libraries\STM32_USB-FS-Device_Driver\src\usb_core.o
                                                  Libraries\STM32_USB-FS-Device_Driver\src\usb_init.o
                                                  src\usb_istr.o
Device_Table                                      src\usb_prop.o
                                                  Libraries\STM32_USB-FS-Device_Driver\src\usb_core.o
EP1_IN_Callback                                   src\usb_endp.o
                                                  src\usb_istr.o
EPindex                                           Libraries\STM32_USB-FS-Device_Driver\src\usb_init.o
                                                  Libraries\STM32_USB-FS-Device_Driver\src\usb_int.o
EXTI0_IRQHandler                                  src\startup_stm32f30x.o
EXTI15_10_IRQHandler                              src\startup_stm32f30x.o
EXTI1_IRQHandler                                  src\startup_stm32f30x.o
EXTI2_TS_IRQHandler                               src\startup_stm32f30x.o
EXTI3_IRQHandler                                  src\startup_stm32f30x.o
EXTI4_IRQHandler                                  src\startup_stm32f30x.o
EXTI9_5_IRQHandler                                src\startup_stm32f30x.o
EXTI_ClearFlag                                    Libraries\STM32F30x_StdPeriph_Driver\src\stm32f30x_exti.o
EXTI_ClearITPendingBit                            Libraries\STM32F30x_StdPeriph_Driver\src\stm32f30x_exti.o
                                                  src\hw_config.o
                                                  src\stm32f30x_it.o
EXTI_DeInit                                       Libraries\STM32F30x_StdPeriph_Driver\src\stm32f30x_exti.o
EXTI_GenerateSWInterrupt                          Libraries\STM32F30x_StdPeriph_Driver\src\stm32f30x_exti.o
EXTI_GetFlagStatus                                Libraries\STM32F30x_StdPeriph_Driver\src\stm32f30x_exti.o
EXTI_GetITStatus                                  Libraries\STM32F30x_StdPeriph_Driver\src\stm32f30x_exti.o
EXTI_Init                                         Libraries\STM32F30x_StdPeriph_Driver\src\stm32f30x_exti.o
                                                  Utilities\STM32F3_Discovery\stm32f3_discovery.o
                                                  Utilities\STM32F3_Discovery\stm32f3_discovery_lsm303dlhc.o
                                                  src\hw_config.o
EXTI_InitStructure                                src\hw_config.o
EXTI_StructInit                                   Libraries\STM32F30x_StdPeriph_Driver\src\stm32f30x_exti.o
Enter_LowPowerMode                                src\hw_config.o
                                                  src\usb_pwr.o
FLASH_ClearFlag                                   Libraries\STM32F30x_StdPeriph_Driver\src\stm32f30x_flash.o
FLASH_EraseAllPages                               Libraries\STM32F30x_StdPeriph_Driver\src\stm32f30x_flash.o
FLASH_ErasePage                                   Libraries\STM32F30x_StdPeriph_Driver\src\stm32f30x_flash.o
FLASH_GetFlagStatus                               Libraries\STM32F30x_StdPeriph_Driver\src\stm32f30x_flash.o
FLASH_GetStatus                                   Libraries\STM32F30x_StdPeriph_Driver\src\stm32f30x_flash.o
FLASH_HalfCycleAccessCmd                          Libraries\STM32F30x_StdPeriph_Driver\src\stm32f30x_flash.o
FLASH_IRQHandler                                  src\startup_stm32f30x.o
FLASH_ITConfig                                    Libraries\STM32F30x_StdPeriph_Driver\src\stm32f30x_flash.o
FLASH_Lock                                        Libraries\STM32F30x_StdPeriph_Driver\src\stm32f30x_flash.o
FLASH_OB_BOOTConfig                               Libraries\STM32F30x_StdPeriph_Driver\src\stm32f30x_flash.o
FLASH_OB_EnableWRP                                Libraries\STM32F30x_StdPeriph_Driver\src\stm32f30x_flash.o
FLASH_OB_Erase                                    Libraries\STM32F30x_StdPeriph_Driver\src\stm32f30x_flash.o
FLASH_OB_GetRDP                                   Libraries\STM32F30x_StdPeriph_Driver\src\stm32f30x_flash.o
FLASH_OB_GetUser                                  Libraries\STM32F30x_StdPeriph_Driver\src\stm32f30x_flash.o
FLASH_OB_GetWRP                                   Libraries\STM32F30x_StdPeriph_Driver\src\stm32f30x_flash.o
FLASH_OB_Launch                                   Libraries\STM32F30x_StdPeriph_Driver\src\stm32f30x_flash.o
FLASH_OB_Lock                                     Libraries\STM32F30x_StdPeriph_Driver\src\stm32f30x_flash.o
FLASH_OB_RDPConfig                                Libraries\STM32F30x_StdPeriph_Driver\src\stm32f30x_flash.o
FLASH_OB_SRAMParityConfig                         Libraries\STM32F30x_StdPeriph_Driver\src\stm32f30x_flash.o
FLASH_OB_Unlock                                   Libraries\STM32F30x_StdPeriph_Driver\src\stm32f30x_flash.o
FLASH_OB_UserConfig                               Libraries\STM32F30x_StdPeriph_Driver\src\stm32f30x_flash.o
FLASH_OB_VDDAConfig                               Libraries\STM32F30x_StdPeriph_Driver\src\stm32f30x_flash.o
FLASH_OB_WriteUser                                Libraries\STM32F30x_StdPeriph_Driver\src\stm32f30x_flash.o
FLASH_PrefetchBufferCmd                           Libraries\STM32F30x_StdPeriph_Driver\src\stm32f30x_flash.o
FLASH_ProgramHalfWord                             Libraries\STM32F30x_StdPeriph_Driver\src\stm32f30x_flash.o
FLASH_ProgramOptionByteData                       Libraries\STM32F30x_StdPeriph_Driver\src\stm32f30x_flash.o
FLASH_ProgramWord                                 Libraries\STM32F30x_StdPeriph_Driver\src\stm32f30x_flash.o
FLASH_SetLatency                                  Libraries\STM32F30x_StdPeriph_Driver\src\stm32f30x_flash.o
FLASH_Unlock                                      Libraries\STM32F30x_StdPeriph_Driver\src\stm32f30x_flash.o
FLASH_WaitForLastOperation                        Libraries\STM32F30x_StdPeriph_Driver\src\stm32f30x_flash.o
FPU_IRQHandler                                    src\startup_stm32f30x.o
FreeUserBuffer                                    Libraries\STM32_USB-FS-Device_Driver\src\usb_regs.o
GPIO_AINConfig                                    src\hw_config.o
GPIO_CLK                                          Utilities\STM32F3_Discovery\stm32f3_discovery.o
GPIO_DeInit                                       Libraries\STM32F30x_StdPeriph_Driver\src\stm32f30x_gpio.o
GPIO_Init                                         Libraries\STM32F30x_StdPeriph_Driver\src\stm32f30x_gpio.o
                                                  Utilities\STM32F3_Discovery\stm32f3_discovery.o
                                                  Utilities\STM32F3_Discovery\stm32f3_discovery_l3gd20.o
                                                  Utilities\STM32F3_Discovery\stm32f3_discovery_lsm303dlhc.o
                                                  src\hw_config.o
GPIO_PIN                                          Utilities\STM32F3_Discovery\stm32f3_discovery.o
GPIO_PORT                                         Utilities\STM32F3_Discovery\stm32f3_discovery.o
GPIO_PinAFConfig                                  Libraries\STM32F30x_StdPeriph_Driver\src\stm32f30x_gpio.o
                                                  Utilities\STM32F3_Discovery\stm32f3_discovery_l3gd20.o
                                                  Utilities\STM32F3_Discovery\stm32f3_discovery_lsm303dlhc.o
                                                  src\hw_config.o
GPIO_PinLockConfig                                Libraries\STM32F30x_StdPeriph_Driver\src\stm32f30x_gpio.o
GPIO_ReadInputData                                Libraries\STM32F30x_StdPeriph_Driver\src\stm32f30x_gpio.o
GPIO_ReadInputDataBit                             Libraries\STM32F30x_StdPeriph_Driver\src\stm32f30x_gpio.o
                                                  Utilities\STM32F3_Discovery\stm32f3_discovery.o
GPIO_ReadOutputData                               Libraries\STM32F30x_StdPeriph_Driver\src\stm32f30x_gpio.o
GPIO_ReadOutputDataBit                            Libraries\STM32F30x_StdPeriph_Driver\src\stm32f30x_gpio.o
GPIO_ResetBits                                    Libraries\STM32F30x_StdPeriph_Driver\src\stm32f30x_gpio.o
                                                  Utilities\STM32F3_Discovery\stm32f3_discovery_l3gd20.o
                                                  src\hw_config.o
GPIO_SetBits                                      Libraries\STM32F30x_StdPeriph_Driver\src\stm32f30x_gpio.o
                                                  Utilities\STM32F3_Discovery\stm32f3_discovery_l3gd20.o
                                                  src\hw_config.o
GPIO_StructInit                                   Libraries\STM32F30x_StdPeriph_Driver\src\stm32f30x_gpio.o
GPIO_Write                                        Libraries\STM32F30x_StdPeriph_Driver\src\stm32f30x_gpio.o
GPIO_WriteBit                                     Libraries\STM32F30x_StdPeriph_Driver\src\stm32f30x_gpio.o
GetBTABLE                                         Libraries\STM32_USB-FS-Device_Driver\src\usb_regs.o
GetCNTR                                           Libraries\STM32_USB-FS-Device_Driver\src\usb_regs.o
GetDADDR                                          Libraries\STM32_USB-FS-Device_Driver\src\usb_regs.o
GetENDPOINT                                       Libraries\STM32_USB-FS-Device_Driver\src\usb_regs.o
GetEPAddress                                      Libraries\STM32_USB-FS-Device_Driver\src\usb_regs.o
GetEPDblBuf0Addr                                  Libraries\STM32_USB-FS-Device_Driver\src\usb_regs.o
GetEPDblBuf0Count                                 Libraries\STM32_USB-FS-Device_Driver\src\usb_regs.o
GetEPDblBuf1Addr                                  Libraries\STM32_USB-FS-Device_Driver\src\usb_regs.o
GetEPDblBuf1Count                                 Libraries\STM32_USB-FS-Device_Driver\src\usb_regs.o
GetEPDblBufDir                                    Libraries\STM32_USB-FS-Device_Driver\src\usb_regs.o
GetEPRxAddr                                       Libraries\STM32_USB-FS-Device_Driver\src\usb_regs.o
                                                  Libraries\STM32_USB-FS-Device_Driver\src\usb_core.o
                                                  Libraries\STM32_USB-FS-Device_Driver\src\usb_sil.o
GetEPRxCount                                      Libraries\STM32_USB-FS-Device_Driver\src\usb_regs.o
                                                  Libraries\STM32_USB-FS-Device_Driver\src\usb_sil.o
GetEPRxStatus                                     Libraries\STM32_USB-FS-Device_Driver\src\usb_regs.o
GetEPTxAddr                                       Libraries\STM32_USB-FS-Device_Driver\src\usb_regs.o
                                                  Libraries\STM32_USB-FS-Device_Driver\src\usb_core.o